Component: ARM Compiler 5.06 update 6 (build 750) Tool: armlink [4d35ed]

==============================================================================

Section Cross References

    startup_stm32g071xx.o(RESET) refers to startup_stm32g071xx.o(STACK) for __initial_sp
    startup_stm32g071xx.o(RESET) refers to startup_stm32g071xx.o(.text) for Reset_Handler
    startup_stm32g071xx.o(RESET) refers to stm32g0xx_it.o(i.NMI_Handler) for NMI_Handler
    startup_stm32g071xx.o(RESET) refers to stm32g0xx_it.o(i.HardFault_Handler) for HardFault_Handler
    startup_stm32g071xx.o(RESET) refers to stm32g0xx_it.o(i.SVC_Handler) for SVC_Handler
    startup_stm32g071xx.o(RESET) refers to stm32g0xx_it.o(i.PendSV_Handler) for PendSV_Handler
    startup_stm32g071xx.o(RESET) refers to stm32g0xx_it.o(i.SysTick_Handler) for SysTick_Handler
    startup_stm32g071xx.o(.text) refers to system_stm32g0xx.o(i.SystemInit) for SystemInit
    startup_stm32g071xx.o(.text) refers to entry.o(.ARM.Collect$$$$00000000) for __main
    com.o(i.COM_Flush) refers to com.o(.bss) for .bss
    com.o(i.COM_Init) refers to stm32g0xx_hal_uart.o(i.HAL_UART_Init) for HAL_UART_Init
    com.o(i.COM_Init) refers to com.o(.bss) for .bss
    com.o(i.COM_Receive) refers to stm32g0xx_hal_uart.o(i.HAL_UART_Receive) for HAL_UART_Receive
    com.o(i.COM_Receive) refers to com.o(.bss) for .bss
    com.o(i.COM_Transmit) refers to stm32g0xx_hal_uart.o(i.HAL_UART_Transmit) for HAL_UART_Transmit
    com.o(i.COM_Transmit) refers to com.o(.bss) for .bss
    com.o(i.HAL_UART_MspDeInit) refers to stm32g0xx_hal_gpio.o(i.HAL_GPIO_DeInit) for HAL_GPIO_DeInit
    com.o(i.HAL_UART_MspInit) refers to stm32g0xx_hal_gpio.o(i.HAL_GPIO_Init) for HAL_GPIO_Init
    com.o(i.fputc) refers to stm32g0xx_hal_uart.o(i.HAL_UART_Transmit) for HAL_UART_Transmit
    com.o(i.fputc) refers to com.o(.bss) for .bss
    stm32g0xx_nucleo.o(i.BSP_LED_DeInit) refers to stm32g0xx_hal_gpio.o(i.HAL_GPIO_DeInit) for HAL_GPIO_DeInit
    stm32g0xx_nucleo.o(i.BSP_LED_DeInit) refers to stm32g0xx_nucleo.o(.constdata) for .constdata
    stm32g0xx_nucleo.o(i.BSP_LED_DeInit) refers to stm32g0xx_nucleo.o(.data) for .data
    stm32g0xx_nucleo.o(i.BSP_LED_Init) refers to stm32g0xx_hal_gpio.o(i.HAL_GPIO_Init) for HAL_GPIO_Init
    stm32g0xx_nucleo.o(i.BSP_LED_Init) refers to stm32g0xx_nucleo.o(.constdata) for .constdata
    stm32g0xx_nucleo.o(i.BSP_LED_Init) refers to stm32g0xx_nucleo.o(.data) for .data
    stm32g0xx_nucleo.o(i.BSP_LED_Off) refers to stm32g0xx_hal_gpio.o(i.HAL_GPIO_WritePin) for HAL_GPIO_WritePin
    stm32g0xx_nucleo.o(i.BSP_LED_Off) refers to stm32g0xx_nucleo.o(.constdata) for .constdata
    stm32g0xx_nucleo.o(i.BSP_LED_Off) refers to stm32g0xx_nucleo.o(.data) for .data
    stm32g0xx_nucleo.o(i.BSP_LED_On) refers to stm32g0xx_hal_gpio.o(i.HAL_GPIO_WritePin) for HAL_GPIO_WritePin
    stm32g0xx_nucleo.o(i.BSP_LED_On) refers to stm32g0xx_nucleo.o(.constdata) for .constdata
    stm32g0xx_nucleo.o(i.BSP_LED_On) refers to stm32g0xx_nucleo.o(.data) for .data
    stm32g0xx_nucleo.o(i.BSP_LED_Toggle) refers to stm32g0xx_hal_gpio.o(i.HAL_GPIO_TogglePin) for HAL_GPIO_TogglePin
    stm32g0xx_nucleo.o(i.BSP_LED_Toggle) refers to stm32g0xx_nucleo.o(.constdata) for .constdata
    stm32g0xx_nucleo.o(i.BSP_LED_Toggle) refers to stm32g0xx_nucleo.o(.data) for .data
    stm32g0xx_nucleo.o(i.BSP_PB_DeInit) refers to stm32g0xx_hal_cortex.o(i.HAL_NVIC_DisableIRQ) for HAL_NVIC_DisableIRQ
    stm32g0xx_nucleo.o(i.BSP_PB_DeInit) refers to stm32g0xx_hal_gpio.o(i.HAL_GPIO_DeInit) for HAL_GPIO_DeInit
    stm32g0xx_nucleo.o(i.BSP_PB_DeInit) refers to stm32g0xx_nucleo.o(.constdata) for .constdata
    stm32g0xx_nucleo.o(i.BSP_PB_DeInit) refers to stm32g0xx_nucleo.o(.data) for .data
    stm32g0xx_nucleo.o(i.BSP_PB_GetState) refers to stm32g0xx_hal_gpio.o(i.HAL_GPIO_ReadPin) for HAL_GPIO_ReadPin
    stm32g0xx_nucleo.o(i.BSP_PB_GetState) refers to stm32g0xx_nucleo.o(.constdata) for .constdata
    stm32g0xx_nucleo.o(i.BSP_PB_GetState) refers to stm32g0xx_nucleo.o(.data) for .data
    stm32g0xx_nucleo.o(i.BSP_PB_Init) refers to stm32g0xx_hal_gpio.o(i.HAL_GPIO_Init) for HAL_GPIO_Init
    stm32g0xx_nucleo.o(i.BSP_PB_Init) refers to stm32g0xx_hal_cortex.o(i.HAL_NVIC_SetPriority) for HAL_NVIC_SetPriority
    stm32g0xx_nucleo.o(i.BSP_PB_Init) refers to stm32g0xx_hal_cortex.o(i.HAL_NVIC_EnableIRQ) for HAL_NVIC_EnableIRQ
    stm32g0xx_nucleo.o(i.BSP_PB_Init) refers to stm32g0xx_nucleo.o(.constdata) for .constdata
    stm32g0xx_nucleo.o(i.BSP_PB_Init) refers to stm32g0xx_nucleo.o(.data) for .data
    main.o(i.Error_Handler) refers to printf8.o(i.__0printf$8) for __2printf
    main.o(i.MX_GPIO_Init) refers to memseta.o(.text) for __aeabi_memclr4
    main.o(i.MX_GPIO_Init) refers to stm32g0xx_hal_gpio.o(i.HAL_GPIO_WritePin) for HAL_GPIO_WritePin
    main.o(i.MX_GPIO_Init) refers to stm32g0xx_hal_gpio.o(i.HAL_GPIO_Init) for HAL_GPIO_Init
    main.o(i.MX_USART2_UART_Init) refers to stm32g0xx_hal_uart.o(i.HAL_UART_Init) for HAL_UART_Init
[...]
    Removing crypto.o(i.ECDSAsign), (860 bytes).
    Removing crypto.o(i.ED25519keyGen), (136 bytes).
    Removing crypto.o(i.ED25519sign), (304 bytes).
    Removing crypto.o(i.ED25519verify), (188 bytes).
    Removing crypto.o(i.FastDivInnerBase), (56 bytes).
    Removing crypto.o(i.GenRndBN), (132 bytes).
    Removing crypto.o(i.GenRndBNmodN), (46 bytes).
    Removing crypto.o(i.HKDF_SHA512), (340 bytes).
    Removing crypto.o(i.HMAC_MD5_Append), (24 bytes).
    Removing crypto.o(i.HMAC_MD5_Finish), (100 bytes).
    Removing crypto.o(i.HMAC_MD5_Init), (216 bytes).
    Removing crypto.o(i.HMAC_SHA1_Append), (24 bytes).
    Removing crypto.o(i.HMAC_SHA1_Finish), (100 bytes).
    Removing crypto.o(i.HMAC_SHA1_Init), (216 bytes).
    Removing crypto.o(i.HMAC_SHA224_Append), (24 bytes).
    Removing crypto.o(i.HMAC_SHA224_Finish), (100 bytes).
    Removing crypto.o(i.HMAC_SHA224_Init), (216 bytes).
    Removing crypto.o(i.HMAC_SHA256_Append), (24 bytes).
    Removing crypto.o(i.HMAC_SHA256_Finish), (100 bytes).
    Removing crypto.o(i.HMAC_SHA256_Init), (216 bytes).
    Removing crypto.o(i.HMAC_SHA384_Append), (10 bytes).
    Removing crypto.o(i.HMAC_SHA384_Finish), (104 bytes).
    Removing crypto.o(i.HMAC_SHA384_Init), (216 bytes).
    Removing crypto.o(i.HMAC_SHA512_Append), (10 bytes).
    Removing crypto.o(i.HMAC_SHA512_Finish), (104 bytes).
    Removing crypto.o(i.HMAC_SHA512_Init), (216 bytes).
    Removing crypto.o(i.MD5_Append), (44 bytes).
    Removing crypto.o(i.MD5_Finish), (84 bytes).
    Removing crypto.o(i.MD5_Init), (32 bytes).
    Removing crypto.o(i.ModularExpSlidWin), (556 bytes).
    Removing crypto.o(i.NAF_Binary_PointMul), (330 bytes).
    Removing crypto.o(i.Poly1305_Auth_Append), (144 bytes).
    Removing crypto.o(i.Poly1305_Auth_Finish), (116 bytes).
    Removing crypto.o(i.Poly1305_Auth_Init), (296 bytes).
    Removing crypto.o(i.Poly1305_Core_Finish), (808 bytes).
    Removing crypto.o(i.Poly1305_Core_Update), (1892 bytes).
    Removing crypto.o(i.Poly1305_Verify_Append), (8 bytes).
    Removing crypto.o(i.Poly1305_Verify_Finish), (132 bytes).
    Removing crypto.o(i.Poly1305_Verify_Init), (8 bytes).
    Removing crypto.o(i.RNGfree), (40 bytes).
    Removing crypto.o(i.RNGgenBytes), (140 bytes).
    Removing crypto.o(i.RNGgenWords), (10 bytes).
    Removing crypto.o(i.RNGinit), (56 bytes).
    Removing crypto.o(i.RNGreseed), (36 bytes).
    Removing crypto.o(i.RSASP1), (84 bytes).
    Removing crypto.o(i.RSAVP1), (26 bytes).
    Removing crypto.o(i.RSA_PKCS1v15_Decrypt), (388 bytes).
    Removing crypto.o(i.RSA_PKCS1v15_Encrypt), (332 bytes).
    Removing crypto.o(i.RSA_PKCS1v15_Sign), (440 bytes).
    Removing crypto.o(i.RSA_PKCS1v15_Verify), (516 bytes).
    Removing crypto.o(i.SHA1Final), (264 bytes).
    Removing crypto.o(i.SHA1Init), (44 bytes).
    Removing crypto.o(i.SHA1Transform), (1128 bytes).
    Removing crypto.o(i.SHA1Update), (130 bytes).
    Removing crypto.o(i.SHA1_Append), (44 bytes).
    Removing crypto.o(i.SHA1_Finish), (84 bytes).
    Removing crypto.o(i.SHA1_Init), (32 bytes).
    Removing crypto.o(i.SHA224Final), (264 bytes).
    Removing crypto.o(i.SHA224Init), (72 bytes).
    Removing crypto.o(i.SHA224_Append), (44 bytes).
    Removing crypto.o(i.SHA224_Finish), (84 bytes).
    Removing crypto.o(i.SHA224_Init), (32 bytes).
    Removing crypto.o(i.SHA384Final), (300 bytes).
    Removing crypto.o(i.SHA384Init), (144 bytes).
    Removing crypto.o(i.SHA384_Append), (40 bytes).
    Removing crypto.o(i.SHA384_Finish), (84 bytes).
    Removing crypto.o(i.SHA384_Init), (32 bytes).
    Removing crypto.o(i.SHA512Final), (300 bytes).
    Removing crypto.o(i.SHA512Init), (144 bytes).
    Removing crypto.o(i.SHA512Transform), (1132 bytes).
    Removing crypto.o(i.SHA512Update), (134 bytes).
    Removing crypto.o(i.SHA512_Append), (40 bytes).
    Removing crypto.o(i.SHA512_Finish), (84 bytes).
    Removing crypto.o(i.SHA512_Init), (32 bytes).
    Removing crypto.o(i.STM32_GetCryptoLibrarySettings), (68 bytes).
    Removing crypto.o(i.TDES_CBC_Decrypt_Append), (224 bytes).
    Removing crypto.o(i.TDES_CBC_Decrypt_Finish), (32 bytes).
    Removing crypto.o(i.TDES_CBC_Decrypt_Init), (10 bytes).
    Removing crypto.o(i.TDES_CBC_Encrypt_Append), (208 bytes).
    Removing crypto.o(i.TDES_CBC_Encrypt_Finish), (32 bytes).
    Removing crypto.o(i.TDES_CBC_Encrypt_Init), (10 bytes).
    Removing crypto.o(i.TDES_ECB_Decrypt_Append), (12 bytes).
    Removing crypto.o(i.TDES_ECB_Decrypt_Finish), (32 bytes).
    Removing crypto.o(i.TDES_ECB_Decrypt_Init), (10 bytes).
    Removing crypto.o(i.TDES_ECB_Encrypt_Append), (200 bytes).
    Removing crypto.o(i.TDES_ECB_Encrypt_Finish), (32 bytes).
    Removing crypto.o(i.TDES_ECB_Encrypt_Init), (10 bytes).
    Removing crypto.o(i.TDESstdInit), (200 bytes).
    Removing crypto.o(i.TranslatetoNAF1), (272 bytes).
    Removing crypto.o(i.W32_to_W8), (78 bytes).
    Removing crypto.o(i.barrett_reduce), (100 bytes).
    Removing crypto.o(i.c25519_select), (304 bytes).
    Removing crypto.o(i.c25519_sm), (320 bytes).
    Removing crypto.o(i.crl_DRBG_AES128_Generate), (364 bytes).
    Removing crypto.o(i.crl_DRBG_AES128_Instantiate), (164 bytes).
    Removing crypto.o(i.crl_DRBG_AES128_Reseed), (128 bytes).
    Removing crypto.o(i.crl_ModularExp), (276 bytes).
    Removing crypto.o(i.crl_u_MD5_Finish), (108 bytes).
    Removing crypto.o(i.crl_u_MD5_Init), (36 bytes).
    Removing crypto.o(i.crl_u_MD5_Update), (136 bytes).
    Removing crypto.o(i.desfunc), (492 bytes).
    Removing crypto.o(i.deskey), (496 bytes).
    Removing crypto.o(i.ed25519_add), (220 bytes).
    Removing crypto.o(i.ed25519_double), (180 bytes).
    Removing crypto.o(i.fe25519_add), (60 bytes).
    Removing crypto.o(i.fe25519_cmov), (28 bytes).
    Removing crypto.o(i.fe25519_copy), (18 bytes).
    Removing crypto.o(i.fe25519_freeze), (114 bytes).
    Removing crypto.o(i.fe25519_getparity), (30 bytes).
    Removing crypto.o(i.fe25519_invert), (472 bytes).
    Removing crypto.o(i.fe25519_iseq_vartime), (70 bytes).
    Removing crypto.o(i.fe25519_mul), (522 bytes).
    Removing crypto.o(i.fe25519_mult121665), (56 bytes).
    Removing crypto.o(i.fe25519_neg), (42 bytes).
    Removing crypto.o(i.fe25519_pack), (60 bytes).
    Removing crypto.o(i.fe25519_pow2523), (336 bytes).
    Removing crypto.o(i.fe25519_setone), (18 bytes).
    Removing crypto.o(i.fe25519_setzero), (16 bytes).
    Removing crypto.o(i.fe25519_square), (10 bytes).
    Removing crypto.o(i.fe25519_sub), (122 bytes).
    Removing crypto.o(i.fe25519_unpack), (52 bytes).
    Removing crypto.o(i.ge25519_double_scalarmult_vartime), (100 bytes).
    Removing crypto.o(i.ge25519_pack), (64 bytes).
    Removing crypto.o(i.ge25519_scalarmult_base), (132 bytes).
    Removing crypto.o(i.ge25519_unpackneg_vartime), (288 bytes).
    Removing crypto.o(i.gfmul), (98 bytes).
    Removing crypto.o(i.gfmul_x4), (64 bytes).
    Removing crypto.o(i.md5_process), (1948 bytes).
    Removing crypto.o(i.partialCombaMu), (156 bytes).
    Removing crypto.o(i.partialOperandScanningMultiplicationM), (100 bytes).
    Removing crypto.o(i.poly_xor), (36 bytes).
    Removing crypto.o(i.reduceRS), (118 bytes).
    Removing crypto.o(i.reduce_add_sub), (80 bytes).
    Removing crypto.o(i.salsa20_wordtobyte), (1930 bytes).
    Removing crypto.o(i.sc25519_add), (54 bytes).
    Removing crypto.o(i.sc25519_from32bytes), (72 bytes).
    Removing crypto.o(i.sc25519_from64bytes), (58 bytes).
    Removing crypto.o(i.sc25519_mul), (100 bytes).
    Removing crypto.o(i.sc25519_to32bytes), (38 bytes).
    Removing crypto.o(i.setneutral), (34 bytes).
    Removing crypto.o(i.xts_new_tweak), (72 bytes).
    Removing crypto.o(.constdata), (1 bytes).
    Removing crypto.o(.constdata), (1 bytes).
    Removing crypto.o(.constdata), (1 bytes).
    Removing crypto.o(.constdata), (1 bytes).
    Removing crypto.o(.constdata), (1 bytes).
    Removing crypto.o(.constdata), (1 bytes).
    Removing crypto.o(.constdata), (1 bytes).
    Removing crypto.o(.constdata), (2 bytes).
    Removing crypto.o(.constdata), (2 bytes).
    Removing crypto.o(.constdata), (2 bytes).
    Removing crypto.o(.constdata), (2 bytes).
    Removing crypto.o(.constdata), (2 bytes).
    Removing crypto.o(.constdata), (1 bytes).
    Removing crypto.o(.constdata), (1 bytes).
    Removing crypto.o(.constdata), (1 bytes).
    Removing crypto.o(.constdata), (1 bytes).
    Removing dadd.o(.text), (356 bytes).
    Removing dmul.o(.text), (208 bytes).
    Removing ddiv.o(.text), (240 bytes).
    Removing dfixul.o(.text), (64 bytes).
    Removing cdrcmple.o(.text), (40 bytes).
    Removing depilogue.o(.text), (190 bytes).
    Removing depilogue.o(i.__ARM_clz), (46 bytes).

583 unused section(s) (total 63109 bytes) removed from the image.

==============================================================================

Image Symbol Table

    Local Symbols

    Symbol Name                              Value     Ov Type        Size  Object(Section)

    ../../../../../../../__INTERNAL__mw/cryptolib/crypto.c 0x00000000   Number         0  crypto.o ABSOLUTE
    ../Drivers/STM32G0xx_HAL_Driver/Src/stm32g0xx_hal.c 0x00000000   Number         0  stm32g0xx_hal.o ABSOLUTE
    ../Drivers/STM32G0xx_HAL_Driver/Src/stm32g0xx_hal_cortex.c 0x00000000   Number         0  stm32g0xx_hal_cortex.o ABSOLUTE
    ../Drivers/STM32G0xx_HAL_Driver/Src/stm32g0xx_hal_dma.c 0x00000000   Number         0  stm32g0xx_hal_dma.o ABSOLUTE
    ../Drivers/STM32G0xx_HAL_Driver/Src/stm32g0xx_hal_dma_ex.c 0x00000000   Number         0  stm32g0xx_hal_dma_ex.o ABSOLUTE
    ../Drivers/STM32G0xx_HAL_Driver/Src/stm32g0xx_hal_exti.c 0x00000000   Number         0  stm32g0xx_hal_exti.o ABSOLUTE
    ../Drivers/STM32G0xx_HAL_Driver/Src/stm32g0xx_hal_flash.c 0x00000000   Number         0  stm32g0xx_hal_flash.o ABSOLUTE
    ../Drivers/STM32G0xx_HAL_Driver/Src/stm32g0xx_hal_flash_ex.c 0x00000000   Number         0  stm32g0xx_hal_flash_ex.o ABSOLUTE
    ../Drivers/STM32G0xx_HAL_Driver/Src/stm32g0xx_hal_gpio.c 0x00000000   Number         0  stm32g0xx_hal_gpio.o ABSOLUTE
    ../Drivers/STM32G0xx_HAL_Driver/Src/stm32g0xx_hal_pwr.c 0x00000000   Number         0  stm32g0xx_hal_pwr.o ABSOLUTE
    ../Drivers/STM32G0xx_HAL_Driver/Src/stm32g0xx_hal_pwr_ex.c 0x00000000   Number         0  stm32g0xx_hal_pwr_ex.o ABSOLUTE
    ../Drivers/STM32G0xx_HAL_Driver/Src/stm32g0xx_hal_rcc.c 0x00000000   Number         0  stm32g0xx_hal_rcc.o ABSOLUTE
    ../Drivers/STM32G0xx_HAL_Driver/Src/stm32g0xx_hal_rcc_ex.c 0x00000000   Number         0  stm32g0xx_hal_rcc_ex.o ABSOLUTE
    ../Drivers/STM32G0xx_HAL_Driver/Src/stm32g0xx_hal_tim.c 0x00000000   Number         0  stm32g0xx_hal_tim.o ABSOLUTE
    ../Drivers/STM32G0xx_HAL_Driver/Src/stm32g0xx_hal_tim_ex.c 0x00000000   Number         0  stm32g0xx_hal_tim_ex.o ABSOLUTE
    ../Drivers/STM32G0xx_HAL_Driver/Src/stm32g0xx_hal_uart.c 0x00000000   Number         0  stm32g0xx_hal_uart.o ABSOLUTE
    ../Drivers/STM32G0xx_HAL_Driver/Src/stm32g0xx_hal_uart_ex.c 0x00000000   Number         0  stm32g0xx_hal_uart_ex.o ABSOLUTE
    ../Drivers/STM32G0xx_HAL_Driver/Src/stm32g0xx_ll_rcc.c 0x00000000   Number         0  stm32g0xx_ll_rcc.o ABSOLUTE
    ../Src/main.c                            0x00000000   Number         0  main.o ABSOLUTE
    ../Src/stm32g0xx_hal_msp.c               0x00000000   Number         0  stm32g0xx_hal_msp.o ABSOLUTE
    ../Src/stm32g0xx_it.c                    0x00000000   Number         0  stm32g0xx_it.o ABSOLUTE
    ../Src/system_stm32g0xx.c                0x00000000   Number         0  system_stm32g0xx.o ABSOLUTE
    ../clib/microlib/division.c              0x00000000   Number         0  uidiv.o ABSOLUTE
    ../clib/microlib/division.c              0x00000000   Number         0  idiv.o ABSOLUTE
    ../clib/microlib/division.c              0x00000000   Number         0  uldiv.o ABSOLUTE
    ../clib/microlib/init/entry.s            0x00000000   Number         0  entry10b.o ABSOLUTE
    ../clib/microlib/init/entry.s            0x00000000   Number         0  entry7a.o ABSOLUTE
    ../clib/microlib/init/entry.s            0x00000000   Number         0  entry7b.o ABSOLUTE
    ../clib/microlib/init/entry.s            0x00000000   Number         0  entry11b.o ABSOLUTE
    ../clib/microlib/init/entry.s            0x00000000   Number         0  entry8a.o ABSOLUTE
    ../clib/microlib/init/entry.s            0x00000000   Number         0  entry.o ABSOLUTE
    ../clib/microlib/init/entry.s            0x00000000   Number         0  entry8b.o ABSOLUTE
    ../clib/microlib/init/entry.s            0x00000000   Number         0  entry10a.o ABSOLUTE
    ../clib/microlib/init/entry.s            0x00000000   Number         0  entry2.o ABSOLUTE
    ../clib/microlib/init/entry.s            0x00000000   Number         0  entry9a.o ABSOLUTE
    ../clib/microlib/init/entry.s            0x00000000   Number         0  entry9b.o ABSOLUTE
    ../clib/microlib/init/entry.s            0x00000000   Number         0  entry5.o ABSOLUTE
    ../clib/microlib/init/entry.s            0x00000000   Number         0  entry11a.o ABSOLUTE
    ../clib/microlib/longlong.c              0x00000000   Number         0  llshl.o ABSOLUTE
    ../clib/microlib/longlong.c              0x00000000   Number         0  llushr.o ABSOLUTE
    ../clib/microlib/longlong.c              0x00000000   Number         0  llsshr.o ABSOLUTE
    ../clib/microlib/longlong.c              0x00000000   Number         0  llmul.o ABSOLUTE
    ../clib/microlib/printf/printf.c         0x00000000   Number         0  printf1.o ABSOLUTE
    ../clib/microlib/printf/printf.c         0x00000000   Number         0  printfa.o ABSOLUTE
    ../clib/microlib/printf/printf.c         0x00000000   Number         0  printf8.o ABSOLUTE
    ../clib/microlib/printf/printf.c         0x00000000   Number         0  printf7.o ABSOLUTE
    ../clib/microlib/printf/printf.c         0x00000000   Number         0  printf6.o ABSOLUTE
    ../clib/microlib/printf/printf.c         0x00000000   Number         0  printf5.o ABSOLUTE
    ../clib/microlib/printf/printf.c         0x00000000   Number         0  printf4.o ABSOLUTE
    ../clib/microlib/printf/printf.c         0x00000000   Number         0  printf3.o ABSOLUTE
    ../clib/microlib/printf/printf.c         0x00000000   Number         0  printf2.o ABSOLUTE
    ../clib/microlib/printf/printf.c         0x00000000   Number         0  printf0.o ABSOLUTE
    ../clib/microlib/printf/printf.c         0x00000000   Number         0  printfb.o ABSOLUTE
    ../clib/microlib/printf/stubs.s          0x00000000   Number         0  stubs.o ABSOLUTE
    ../clib/microlib/stdio/streams.c         0x00000000   Number         0  stdout.o ABSOLUTE
    ../clib/microlib/string/memcmp.c         0x00000000   Number         0  memcmp.o ABSOLUTE
    ../clib/microlib/string/memcpy.c         0x00000000   Number         0  memmovea.o ABSOLUTE
    ../clib/microlib/string/memcpy.c         0x00000000   Number         0  memcpya.o ABSOLUTE
    ../clib/microlib/string/memcpy.c         0x00000000   Number         0  memcpyb.o ABSOLUTE
    ../clib/microlib/string/memcpy.c         0x00000000   Number         0  memmoveb.o ABSOLUTE
    ../clib/microlib/string/memset.c         0x00000000   Number         0  memseta.o ABSOLUTE
    ../clib/microlib/stubs.s                 0x00000000   Number         0  iusefp.o ABSOLUTE
    ../clib/microlib/unhosted.c              0x00000000   Number         0  uread4.o ABSOLUTE
    ../fplib/microlib/fpadd.c                0x00000000   Number         0  dadd.o ABSOLUTE
    ../fplib/microlib/fpdiv.c                0x00000000   Number         0  ddiv.o ABSOLUTE
    ../fplib/microlib/fpepilogue.c           0x00000000   Number         0  depilogue.o ABSOLUTE
    ../fplib/microlib/fpfix.c                0x00000000   Number         0  dfixul.o ABSOLUTE
    ../fplib/microlib/fpmul.c                0x00000000   Number         0  dmul.o ABSOLUTE
    ..\..\..\..\..\..\..\__INTERNAL__mw\cryptolib\crypto.c 0x00000000   Number         0  crypto.o ABSOLUTE
    ..\App\Src\app.c                         0x00000000   Number         0  app.o ABSOLUTE
    ..\BSP\STM32G0xx_Nucleo\com.c            0x00000000   Number         0  com.o ABSOLUTE
    ..\BSP\STM32G0xx_Nucleo\stm32g0xx_nucleo.c 0x00000000   Number         0  stm32g0xx_nucleo.o ABSOLUTE
    ..\Drivers\STM32G0xx_HAL_Driver\Src\stm32g0xx_hal.c 0x00000000   Number         0  stm32g0xx_hal.o ABSOLUTE
    ..\Drivers\STM32G0xx_HAL_Driver\Src\stm32g0xx_hal_cortex.c 0x00000000   Number         0  stm32g0xx_hal_cortex.o ABSOLUTE
    ..\Drivers\STM32G0xx_HAL_Driver\Src\stm32g0xx_hal_dma.c 0x00000000   Number         0  stm32g0xx_hal_dma.o ABSOLUTE
    ..\Drivers\STM32G0xx_HAL_Driver\Src\stm32g0xx_hal_dma_ex.c 0x00000000   Number         0  stm32g0xx_hal_dma_ex.o ABSOLUTE
    ..\Drivers\STM32G0xx_HAL_Driver\Src\stm32g0xx_hal_exti.c 0x00000000   Number         0  stm32g0xx_hal_exti.o ABSOLUTE
    ..\Drivers\STM32G0xx_HAL_Driver\Src\stm32g0xx_hal_flash.c 0x00000000   Number         0  stm32g0xx_hal_flash.o ABSOLUTE
    ..\Drivers\STM32G0xx_HAL_Driver\Src\stm32g0xx_hal_flash_ex.c 0x00000000   Number         0  stm32g0xx_hal_flash_ex.o ABSOLUTE
    ..\Drivers\STM32G0xx_HAL_Driver\Src\stm32g0xx_hal_gpio.c 0x00000000   Number         0  stm32g0xx_hal_gpio.o ABSOLUTE
    ..\Drivers\STM32G0xx_HAL_Driver\Src\stm32g0xx_hal_pwr.c 0x00000000   Number         0  stm32g0xx_hal_pwr.o ABSOLUTE
    ..\Drivers\STM32G0xx_HAL_Driver\Src\stm32g0xx_hal_pwr_ex.c 0x00000000   Number         0  stm32g0xx_hal_pwr_ex.o ABSOLUTE
    ..\Drivers\STM32G0xx_HAL_Driver\Src\stm32g0xx_hal_rcc.c 0x00000000   Number         0  stm32g0xx_hal_rcc.o ABSOLUTE
    ..\Drivers\STM32G0xx_HAL_Driver\Src\stm32g0xx_hal_rcc_ex.c 0x00000000   Number         0  stm32g0xx_hal_rcc_ex.o ABSOLUTE
    ..\Drivers\STM32G0xx_HAL_Driver\Src\stm32g0xx_hal_tim.c 0x00000000   Number         0  stm32g0xx_hal_tim.o ABSOLUTE
    ..\Drivers\STM32G0xx_HAL_Driver\Src\stm32g0xx_hal_tim_ex.c 0x00000000   Number         0  stm32g0xx_hal_tim_ex.o ABSOLUTE
    ..\Drivers\STM32G0xx_HAL_Driver\Src\stm32g0xx_hal_uart.c 0x00000000   Number         0  stm32g0xx_hal_uart.o ABSOLUTE
    ..\Drivers\STM32G0xx_HAL_Driver\Src\stm32g0xx_hal_uart_ex.c 0x00000000   Number         0  stm32g0xx_hal_uart_ex.o ABSOLUTE
    ..\Hash_Auth\Src\hashcheck.c             0x00000000   Number         0  hashcheck.o ABSOLUTE
    ..\Hash_Auth\Src\securitycheck.c         0x00000000   Number         0  securitycheck.o ABSOLUTE
    ..\Hash_Auth\Src\sigcheck.c              0x00000000   Number         0  sigcheck.o ABSOLUTE
    ..\Src\main.c                            0x00000000   Number         0  main.o ABSOLUTE
    ..\Src\stm32g0xx_hal_msp.c               0x00000000   Number         0  stm32g0xx_hal_msp.o ABSOLUTE
    ..\Src\stm32g0xx_it.c                    0x00000000   Number         0  stm32g0xx_it.o ABSOLUTE
    ..\Src\system_stm32g0xx.c                0x00000000   Number         0  system_stm32g0xx.o ABSOLUTE
    ..\\App\\Src\\app.c                      0x00000000   Number         0  app.o ABSOLUTE
    ..\\BSP\\STM32G0xx_Nucleo\\com.c         0x00000000   Number         0  com.o ABSOLUTE
    ..\\BSP\\STM32G0xx_Nucleo\\stm32g0xx_nucleo.c 0x00000000   Number         0  stm32g0xx_nucleo.o ABSOLUTE
    ..\\Hash_Auth\\Src\\hashcheck.c          0x00000000   Number         0  hashcheck.o ABSOLUTE
    ..\\Hash_Auth\\Src\\securitycheck.c      0x00000000   Number         0  securitycheck.o ABSOLUTE
    ..\\Hash_Auth\\Src\\sigcheck.c           0x00000000   Number         0  sigcheck.o ABSOLUTE
    cdrcmple.s                               0x00000000   Number         0  cdrcmple.o ABSOLUTE
    dc.s                                     0x00000000   Number         0  dc.o ABSOLUTE
    handlers.s                               0x00000000   Number         0  handlers.o ABSOLUTE
    init.s                                   0x00000000   Number         0  init.o ABSOLUTE
    startup_stm32g071xx.s                    0x00000000   Number         0  startup_stm32g071xx.o ABSOLUTE
    RESET                                    0x08000000   Section      188  startup_stm32g071xx.o(RESET)
    .ARM.Collect$$$$00000000                 0x080000bc   Section        0  entry.o(.ARM.Collect$$$$00000000)
    .ARM.Collect$$$$00000001                 0x080000bc   Section        4  entry2.o(.ARM.Collect$$$$00000001)
    .ARM.Collect$$$$00000004                 0x080000c0   Section        4  entry5.o(.ARM.Collect$$$$00000004)
    .ARM.Collect$$$$00000008                 0x080000c4   Section        0  entry7b.o(.ARM.Collect$$$$00000008)
    .ARM.Collect$$$$0000000A                 0x080000c4   Section        0  entry8b.o(.ARM.Collect$$$$0000000A)
    .ARM.Collect$$$$0000000B                 0x080000c4   Section        8  entry9a.o(.ARM.Collect$$$$0000000B)
    .ARM.Collect$$$$0000000D                 0x080000cc   Section        0  entry10a.o(.ARM.Collect$$$$0000000D)
    .ARM.Collect$$$$0000000F                 0x080000cc   Section        0  entry11a.o(.ARM.Collect$$$$0000000F)
    .ARM.Collect$$$$00002712                 0x080000cc   Section        4  entry2.o(.ARM.Collect$$$$00002712)
    __lit__00000000                          0x080000cc   Data           4  entry2.o(.ARM.Collect$$$$00002712)
    .text                                    0x080000d0   Section       28  startup_stm32g071xx.o(.text)
    .text                                    0x080000ec   Section        0  uidiv.o(.text)
    .text                                    0x08000118   Section        0  uldiv.o(.text)
    .text                                    0x08000178   Section        0  memmovea.o(.text)
    .text                                    0x080001b8   Section        0  memseta.o(.text)
    .text                                    0x080001dc   Section        0  memcmp.o(.text)
    .text                                    0x080001f6   Section        0  uread4.o(.text)
    .text                                    0x0800020a   Section        0  llshl.o(.text)
    .text                                    0x0800022a   Section        0  llushr.o(.text)
    .text                                    0x0800024c   Section       36  init.o(.text)
    i.APP_Init                               0x08000270   Section        0  app.o(i.APP_Init)
    i.APP_Run                                0x080002d0   Section        0  app.o(i.APP_Run)
    i.AddBig                                 0x0800036c   Section        0  crypto.o(i.AddBig)
    i.Add_Moduli_Big                         0x08000474   Section        0  crypto.o(i.Add_Moduli_Big)
    Add_Moduli_Big                           0x08000475   Thumb Code   194  crypto.o(i.Add_Moduli_Big)
    i.Binary_DoublePointMul                  0x08000536   Section        0  crypto.o(i.Binary_DoublePointMul)
    i.COM_Flush                              0x08000660   Section        0  com.o(i.COM_Flush)
    i.COM_Init                               0x08000680   Section        0  com.o(i.COM_Init)
    i.COM_Receive                            0x080006b4   Section        0  com.o(i.COM_Receive)
    i.CheckApplyStaticProtections            0x080006c8   Section        0  securitycheck.o(i.CheckApplyStaticProtections)
    i.CompareBig                             0x080006f8   Section        0  crypto.o(i.CompareBig)
    i.CopyBig                                0x08000780   Section        0  crypto.o(i.CopyBig)
    i.CountBits                              0x080007cc   Section        0  crypto.o(i.CountBits)
    i.ECCcopyPoint                           0x08000800   Section        0  crypto.o(i.ECCcopyPoint)
    i.ECCfreeEC                              0x0800086c   Section        0  crypto.o(i.ECCfreeEC)
    i.ECCfreePoint                           0x080008f8   Section        0  crypto.o(i.ECCfreePoint)
    i.ECCgetPointFlag                        0x0800093c   Section        0  crypto.o(i.ECCgetPointFlag)
    i.ECCinitEC                              0x0800094c   Section        0  crypto.o(i.ECCinitEC)
    i.ECCinitPoint                           0x08000b18   Section        0  crypto.o(i.ECCinitPoint)
    i.ECCpoint2Monty                         0x08000bf0   Section        0  crypto.o(i.ECCpoint2Monty)
    i.ECCpointFromMonty                      0x08000c30   Section        0  crypto.o(i.ECCpointFromMonty)
    i.ECCsetPointCoordinate                  0x08000c70   Section        0  crypto.o(i.ECCsetPointCoordinate)
    i.ECCsetPointGenerator                   0x08000cc4   Section        0  crypto.o(i.ECCsetPointGenerator)
    i.ECCvalidatePubKey                      0x08000d4c   Section        0  crypto.o(i.ECCvalidatePubKey)
    i.ECDSAfreeSign                          0x08000f74   Section        0  crypto.o(i.ECDSAfreeSign)
    i.ECDSAinitSign                          0x08000fac   Section        0  crypto.o(i.ECDSAinitSign)
    i.ECDSAsetSignature                      0x08001034   Section        0  crypto.o(i.ECDSAsetSignature)
    i.ECDSAverify                            0x0800106c   Section        0  crypto.o(i.ECDSAverify)
    i.Error_Handler                          0x08001318   Section        0  main.o(i.Error_Handler)
    i.EvenBig                                0x08001348   Section        0  crypto.o(i.EvenBig)
    i.FLASH_OB_GetRDP                        0x08001358   Section        0  stm32g0xx_hal_flash_ex.o(i.FLASH_OB_GetRDP)
    FLASH_OB_GetRDP                          0x08001359   Thumb Code    18  stm32g0xx_hal_flash_ex.o(i.FLASH_OB_GetRDP)
    i.FLASH_OB_GetUser                       0x08001370   Section        0  stm32g0xx_hal_flash_ex.o(i.FLASH_OB_GetUser)
    FLASH_OB_GetUser                         0x08001371   Thumb Code    10  stm32g0xx_hal_flash_ex.o(i.FLASH_OB_GetUser)
    i.FW_Hash_Verify                         0x08001384   Section        0  hashcheck.o(i.FW_Hash_Verify)
    i.FW_Signature_Verify                    0x08001594   Section        0  sigcheck.o(i.FW_Signature_Verify)
    i.FastDiv2                               0x080017b0   Section        0  crypto.o(i.FastDiv2)
    i.FastMul2                               0x080017f4   Section        0  crypto.o(i.FastMul2)
    i.FastMulInnerBase                       0x0800184c   Section        0  crypto.o(i.FastMulInnerBase)
    i.Fatal_Error_Handler                    0x080018a8   Section        0  hashcheck.o(i.Fatal_Error_Handler)
    i.GiveBit                                0x080018d8   Section        0  crypto.o(i.GiveBit)
    i.HAL_Delay                              0x080018f4   Section        0  stm32g0xx_hal.o(i.HAL_Delay)
    i.HAL_FLASHEx_OBGetConfig                0x08001918   Section        0  stm32g0xx_hal_flash_ex.o(i.HAL_FLASHEx_OBGetConfig)
    i.HAL_FLASH_Lock                         0x080019b8   Section        0  stm32g0xx_hal_flash.o(i.HAL_FLASH_Lock)
    i.HAL_FLASH_OB_Lock                      0x080019d4   Section        0  stm32g0xx_hal_flash.o(i.HAL_FLASH_OB_Lock)
    i.HAL_FLASH_OB_Unlock                    0x080019f0   Section        0  stm32g0xx_hal_flash.o(i.HAL_FLASH_OB_Unlock)
    i.HAL_FLASH_Unlock                       0x08001a18   Section        0  stm32g0xx_hal_flash.o(i.HAL_FLASH_Unlock)
    i.HAL_GPIO_Init                          0x08001a40   Section        0  stm32g0xx_hal_gpio.o(i.HAL_GPIO_Init)
    i.HAL_GPIO_TogglePin                     0x08001b74   Section        0  stm32g0xx_hal_gpio.o(i.HAL_GPIO_TogglePin)
    i.HAL_GPIO_WritePin                      0x08001b82   Section        0  stm32g0xx_hal_gpio.o(i.HAL_GPIO_WritePin)
    i.HAL_GetTick                            0x08001b90   Section        0  stm32g0xx_hal.o(i.HAL_GetTick)
    i.HAL_IncTick                            0x08001b9c   Section        0  stm32g0xx_hal.o(i.HAL_IncTick)
    i.HAL_Init                               0x08001bac   Section        0  stm32g0xx_hal.o(i.HAL_Init)
    i.HAL_InitTick                           0x08001bd4   Section        0  stm32g0xx_hal.o(i.HAL_InitTick)
    i.HAL_MspInit                            0x08001c1c   Section        0  stm32g0xx_hal_msp.o(i.HAL_MspInit)
    i.HAL_NVIC_SetPriority                   0x08001c58   Section        0  stm32g0xx_hal_cortex.o(i.HAL_NVIC_SetPriority)
    i.HAL_PWREx_ControlVoltageScaling        0x08001c60   Section        0  stm32g0xx_hal_pwr_ex.o(i.HAL_PWREx_ControlVoltageScaling)
    i.HAL_RCCEx_PeriphCLKConfig              0x08001cac   Section        0  stm32g0xx_hal_rcc_ex.o(i.HAL_RCCEx_PeriphCLKConfig)
    i.HAL_RCC_ClockConfig                    0x08001e8c   Section        0  stm32g0xx_hal_rcc.o(i.HAL_RCC_ClockConfig)
    i.HAL_RCC_GetPCLK1Freq                   0x08001fe4   Section        0  stm32g0xx_hal_rcc.o(i.HAL_RCC_GetPCLK1Freq)
    i.HAL_RCC_GetSysClockFreq                0x0800200c   Section        0  stm32g0xx_hal_rcc.o(i.HAL_RCC_GetSysClockFreq)
    i.HAL_RCC_OscConfig                      0x08002098   Section        0  stm32g0xx_hal_rcc.o(i.HAL_RCC_OscConfig)
    i.HAL_SYSTICK_Config                     0x08002488   Section        0  stm32g0xx_hal_cortex.o(i.HAL_SYSTICK_Config)
    i.HAL_UARTEx_DisableFifoMode             0x080024b8   Section        0  stm32g0xx_hal_uart_ex.o(i.HAL_UARTEx_DisableFifoMode)
    i.HAL_UARTEx_SetRxFifoThreshold          0x080024fa   Section        0  stm32g0xx_hal_uart_ex.o(i.HAL_UARTEx_SetRxFifoThreshold)
    i.HAL_UARTEx_SetTxFifoThreshold          0x08002548   Section        0  stm32g0xx_hal_uart_ex.o(i.HAL_UARTEx_SetTxFifoThreshold)
    i.HAL_UART_Init                          0x08002594   Section        0  stm32g0xx_hal_uart.o(i.HAL_UART_Init)
    i.HAL_UART_MspInit                       0x08002604   Section        0  stm32g0xx_hal_msp.o(i.HAL_UART_MspInit)
    i.HAL_UART_Receive                       0x08002660   Section        0  stm32g0xx_hal_uart.o(i.HAL_UART_Receive)
    i.HAL_UART_Transmit                      0x08002778   Section        0  stm32g0xx_hal_uart.o(i.HAL_UART_Transmit)
    i.HardFault_Handler                      0x08002858   Section        0  stm32g0xx_it.o(i.HardFault_Handler)
    i.InitBig                                0x0800285a   Section        0  crypto.o(i.InitBig)
    i.IsZeroBig                              0x0800288a   Section        0  crypto.o(i.IsZeroBig)
    i.LeftShift                              0x080028a0   Section        0  crypto.o(i.LeftShift)
    i.MX_GPIO_Init                           0x08002908   Section        0  main.o(i.MX_GPIO_Init)
    MX_GPIO_Init                             0x08002909   Thumb Code    92  main.o(i.MX_GPIO_Init)
    i.MX_USART2_UART_Init                    0x08002968   Section        0  main.o(i.MX_USART2_UART_Init)
    MX_USART2_UART_Init                      0x08002969   Thumb Code    84  main.o(i.MX_USART2_UART_Init)
    i.ModularAddBig                          0x080029c4   Section        0  crypto.o(i.ModularAddBig)
    i.ModularFastMul2                        0x08002a0c   Section        0  crypto.o(i.ModularFastMul2)
    i.ModularInvBig                          0x08002a48   Section        0  crypto.o(i.ModularInvBig)
    i.ModularSubBig                          0x08002bfc   Section        0  crypto.o(i.ModularSubBig)
    i.MontyExit                              0x08002c2c   Section        0  crypto.o(i.MontyExit)
    i.MontyInit                              0x08002c70   Section        0  crypto.o(i.MontyInit)
    i.MontyJacProjAddPoints                  0x08002dac   Section        0  crypto.o(i.MontyJacProjAddPoints)
    i.MontyJacProjDoublePoint                0x08002ff4   Section        0  crypto.o(i.MontyJacProjDoublePoint)
    i.MontyKillAll                           0x08003210   Section        0  crypto.o(i.MontyKillAll)
    i.MontyKillR2                            0x08003228   Section        0  crypto.o(i.MontyKillR2)
    i.MontyMul                               0x08003234   Section        0  crypto.o(i.MontyMul)
    i.MulBigbyUnInt                          0x080033b8   Section        0  crypto.o(i.MulBigbyUnInt)
    i.NMI_Handler                            0x0800341c   Section        0  stm32g0xx_it.o(i.NMI_Handler)
    i.Normalize                              0x0800341e   Section        0  crypto.o(i.Normalize)
    i.PendSV_Handler                         0x08003524   Section        0  stm32g0xx_it.o(i.PendSV_Handler)
    i.RightShift                             0x08003526   Section        0  crypto.o(i.RightShift)
    i.SHA256Final                            0x0800356e   Section        0  crypto.o(i.SHA256Final)
    i.SHA256Init                             0x08003678   Section        0  crypto.o(i.SHA256Init)
    i.SHA256Transform                        0x080036c0   Section        0  crypto.o(i.SHA256Transform)
    SHA256Transform                          0x080036c1   Thumb Code   658  crypto.o(i.SHA256Transform)
    i.SHA256Update                           0x08003960   Section        0  crypto.o(i.SHA256Update)
    i.SHA256_Append                          0x080039e4   Section        0  crypto.o(i.SHA256_Append)
    i.SHA256_Finish                          0x08003a10   Section        0  crypto.o(i.SHA256_Finish)
    i.SHA256_Init                            0x08003a64   Section        0  crypto.o(i.SHA256_Init)
    i.STM32_SHA256_HASH_DigestCompute        0x08003a84   Section        0  hashcheck.o(i.STM32_SHA256_HASH_DigestCompute)
    i.SVC_Handler                            0x08003ac0   Section        0  stm32g0xx_it.o(i.SVC_Handler)
    i.SetZeroBig                             0x08003ac2   Section        0  crypto.o(i.SetZeroBig)
    i.SignBig                                0x08003ae4   Section        0  crypto.o(i.SignBig)
    i.SignatureVerify                        0x08003af0   Section        0  sigcheck.o(i.SignatureVerify)
    SignatureVerify                          0x08003af1   Thumb Code   266  sigcheck.o(i.SignatureVerify)
    i.StAllocBig                             0x08003c4c   Section        0  crypto.o(i.StAllocBig)
    i.StFreeBig                              0x08003c84   Section        0  crypto.o(i.StFreeBig)
    i.SubBig                                 0x08003ca0   Section        0  crypto.o(i.SubBig)
    i.Sub_Moduli_Big                         0x08003d5c   Section        0  crypto.o(i.Sub_Moduli_Big)
    i.SysTick_Handler                        0x08003e38   Section        0  stm32g0xx_it.o(i.SysTick_Handler)
    i.SystemClock_Config                     0x08003e40   Section        0  main.o(i.SystemClock_Config)
    i.SystemInit                             0x08003ec0   Section        0  system_stm32g0xx.o(i.SystemInit)
    i.TEST_PROTECTIONS_PrintTestingMenu      0x08003ed0   Section        0  app.o(i.TEST_PROTECTIONS_PrintTestingMenu)
    TEST_PROTECTIONS_PrintTestingMenu        0x08003ed1   Thumb Code    22  app.o(i.TEST_PROTECTIONS_PrintTestingMenu)
    i.TEST_PROTECTIONS_Read_SecUserMem       0x08003fa8   Section        0  app.o(i.TEST_PROTECTIONS_Read_SecUserMem)
    TEST_PROTECTIONS_Read_SecUserMem         0x08003fa9   Thumb Code   108  app.o(i.TEST_PROTECTIONS_Read_SecUserMem)
    i.UARTEx_SetNbDataToProcess              0x080040cc   Section        0  stm32g0xx_hal_uart_ex.o(i.UARTEx_SetNbDataToProcess)
    UARTEx_SetNbDataToProcess                0x080040cd   Thumb Code    80  stm32g0xx_hal_uart_ex.o(i.UARTEx_SetNbDataToProcess)
    i.UART_AdvFeatureConfig                  0x0800412c   Section        0  stm32g0xx_hal_uart.o(i.UART_AdvFeatureConfig)
    i.UART_CheckIdleState                    0x080041f8   Section        0  stm32g0xx_hal_uart.o(i.UART_CheckIdleState)
    i.UART_SetConfig                         0x0800425c   Section        0  stm32g0xx_hal_uart.o(i.UART_SetConfig)
    i.UART_WaitOnFlagUntilTimeout            0x080048bc   Section        0  stm32g0xx_hal_uart.o(i.UART_WaitOnFlagUntilTimeout)
    i.W8_to_Big                              0x08004924   Section        0  crypto.o(i.W8_to_Big)
    i.__0printf$8                            0x08004a00   Section        0  printf8.o(i.__0printf$8)
    i.__ARM_common_ll_muluu                  0x08004a20   Section        0  crypto.o(i.__ARM_common_ll_muluu)
    i.__ARM_common_switch8                   0x08004a50   Section        0  stm32g0xx_hal_dma.o(i.__ARM_common_switch8)
    i.__NVIC_SetPriority                     0x08004a6c   Section        0  stm32g0xx_hal_cortex.o(i.__NVIC_SetPriority)
    __NVIC_SetPriority                       0x08004a6d   Thumb Code    60  stm32g0xx_hal_cortex.o(i.__NVIC_SetPriority)
    i.__scatterload_copy                     0x08004ab0   Section       14  handlers.o(i.__scatterload_copy)
    i.__scatterload_null                     0x08004abe   Section        2  handlers.o(i.__scatterload_null)
    i.__scatterload_zeroinit                 0x08004ac0   Section       14  handlers.o(i.__scatterload_zeroinit)
    i._printf_core                           0x08004ad0   Section        0  printf8.o(i._printf_core)
    _printf_core                             0x08004ad1   Thumb Code  1020  printf8.o(i._printf_core)
    i._printf_post_padding                   0x08004ef8   Section        0  printf8.o(i._printf_post_padding)
    _printf_post_padding                     0x08004ef9   Thumb Code    32  printf8.o(i._printf_post_padding)
    i._printf_pre_padding                    0x08004f18   Section        0  printf8.o(i._printf_pre_padding)
    _printf_pre_padding                      0x08004f19   Thumb Code    44  printf8.o(i._printf_pre_padding)
    i.fputc                                  0x08004f44   Section        0  com.o(i.fputc)
    i.main                                   0x08004f60   Section        0  main.o(i.main)
    .constdata                               0x08005070   Section       25  app.o(.constdata)
    __FUNCTION__                             0x08005070   Data           8  app.o(.constdata)
    __FUNCTION__                             0x08005080   Data           9  app.o(.constdata)
    .constdata                               0x0800508c   Section      192  sigcheck.o(.constdata)
    P_256_a                                  0x0800508c   Data          32  sigcheck.o(.constdata)
    P_256_b                                  0x080050ac   Data          32  sigcheck.o(.constdata)
    P_256_p                                  0x080050cc   Data          32  sigcheck.o(.constdata)
    P_256_n                                  0x080050ec   Data          32  sigcheck.o(.constdata)
    P_256_Gx                                 0x0800510c   Data          32  sigcheck.o(.constdata)
    P_256_Gy                                 0x0800512c   Data          32  sigcheck.o(.constdata)
    .constdata                               0x0800514c   Section       64  system_stm32g0xx.o(.constdata)
    .constdata                               0x0800518c   Section       32  system_stm32g0xx.o(.constdata)
    .constdata                               0x080051b0   Section     4452  crypto.o(.constdata)
    table_reduction4                         0x080053dc   Data          32  crypto.o(.constdata)
    sha512_K                                 0x08005d00   Data         640  crypto.o(.constdata)
    tau                                      0x08005f90   Data          16  crypto.o(.constdata)
    m                                        0x08005fa0   Data          32  crypto.o(.constdata)
    mu                                       0x08005fc0   Data          36  crypto.o(.constdata)
    ge25519_ecd                              0x08005fe4   Data          32  crypto.o(.constdata)
    ge25519_ec2d                             0x08006084   Data          32  crypto.o(.constdata)
    ge25519_sqrtm1                           0x080060a4   Data          32  crypto.o(.constdata)
    pad                                      0x08006134   Data          64  crypto.o(.constdata)
    .conststring                             0x08006314   Section      150  app.o(.conststring)
    .data                                    0x20000000   Section       64  sigcheck.o(.data)
    SIGN_ECC_PUB_KEY                         0x20000000   Data          64  sigcheck.o(.data)
    .data                                    0x20000040   Section       12  stm32g0xx_hal.o(.data)
    .data                                    0x2000004c   Section        4  system_stm32g0xx.o(.data)
    .data                                    0x20000050   Section        4  stdout.o(.data)
    .bss                                     0x20000054   Section      140  com.o(.bss)
    UartHandle                               0x20000054   Data         140  com.o(.bss)
    .bss                                     0x200000e0   Section      140  main.o(.bss)
    .bss                                     0x2000016c   Section       20  app.o(.bss)
    GPIO_InitStruct                          0x2000016c   Data          20  app.o(.bss)
    .bss                                     0x20000180   Section     2048  sigcheck.o(.bss)
    preallocated_buffer                      0x20000180   Data        2048  sigcheck.o(.bss)
    STACK                                    0x20000980   Section     1024  startup_stm32g071xx.o(STACK)

    Global Symbols

    Symbol Name                              Value     Ov Type        Size  Object(Section)

    BuildAttributes$$THM_ISAv3M$S$PE$A:L22$X:L11$S22$IEEE1$IW$USESV6$~STKCKD$USESV7$~SHL$OSPACE$ROPI$EBA8$MICROLIB$REQ8$PRES8$EABIv2 0x00000000   Number         0  anon$$obj.o ABSOLUTE
    __ARM_use_no_argv                        0x00000000   Number         0  main.o ABSOLUTE
    _printf_a                                0x00000000   Number         0  stubs.o ABSOLUTE
    _printf_c                                0x00000000   Number         0  stubs.o ABSOLUTE
    _printf_charcount                        0x00000000   Number         0  stubs.o ABSOLUTE
    _printf_d                                0x00000000   Number         0  stubs.o ABSOLUTE
    _printf_e                                0x00000000   Number         0  stubs.o ABSOLUTE
    _printf_f                                0x00000000   Number         0  stubs.o ABSOLUTE
    _printf_flags                            0x00000000   Number         0  stubs.o ABSOLUTE
    _printf_fp_dec                           0x00000000   Number         0  stubs.o ABSOLUTE
    _printf_fp_hex                           0x00000000   Number         0  stubs.o ABSOLUTE
    _printf_g                                0x00000000   Number         0  stubs.o ABSOLUTE
    _printf_i                                0x00000000   Number         0  stubs.o ABSOLUTE
    _printf_int_dec                          0x00000000   Number         0  stubs.o ABSOLUTE
    _printf_l                                0x00000000   Number         0  stubs.o ABSOLUTE
    _printf_lc                               0x00000000   Number         0  stubs.o ABSOLUTE
    _printf_ll                               0x00000000   Number         0  stubs.o ABSOLUTE
    _printf_lld                              0x00000000   Number         0  stubs.o ABSOLUTE
    _printf_lli                              0x00000000   Number         0  stubs.o ABSOLUTE
    _printf_llo                              0x00000000   Number         0  stubs.o ABSOLUTE
    _printf_llu                              0x00000000   Number         0  stubs.o ABSOLUTE
    _printf_llx                              0x00000000   Number         0  stubs.o ABSOLUTE
    _printf_longlong_dec                     0x00000000   Number         0  stubs.o ABSOLUTE
    _printf_longlong_hex                     0x00000000   Number         0  stubs.o ABSOLUTE
    _printf_longlong_oct                     0x00000000   Number         0  stubs.o ABSOLUTE
    _printf_ls                               0x00000000   Number         0  stubs.o ABSOLUTE
    _printf_mbtowc                           0x00000000   Number         0  stubs.o ABSOLUTE
    _printf_n                                0x00000000   Number         0  stubs.o ABSOLUTE
    _printf_o                                0x00000000   Number         0  stubs.o ABSOLUTE
    _printf_p                                0x00000000   Number         0  stubs.o ABSOLUTE
    _printf_percent                          0x00000000   Number         0  stubs.o ABSOLUTE
    _printf_pre_padding                      0x00000000   Number         0  stubs.o ABSOLUTE
    _printf_return_value                     0x00000000   Number         0  stubs.o ABSOLUTE
    _printf_s                                0x00000000   Number         0  stubs.o ABSOLUTE
    _printf_sizespec                         0x00000000   Number         0  stubs.o ABSOLUTE
    _printf_str                              0x00000000   Number         0  stubs.o ABSOLUTE
    _printf_truncate_signed                  0x00000000   Number         0  stubs.o ABSOLUTE
    _printf_truncate_unsigned                0x00000000   Number         0  stubs.o ABSOLUTE
    _printf_u                                0x00000000   Number         0  stubs.o ABSOLUTE
    _printf_wc                               0x00000000   Number         0  stubs.o ABSOLUTE
    _printf_wctomb                           0x00000000   Number         0  stubs.o ABSOLUTE
    _printf_widthprec                        0x00000000   Number         0  stubs.o ABSOLUTE
    _printf_x                                0x00000000   Number         0  stubs.o ABSOLUTE
    __cpp_initialize__aeabi_                  - Undefined Weak Reference
    __cxa_finalize                            - Undefined Weak Reference
    __decompress                              - Undefined Weak Reference
    _clock_init                               - Undefined Weak Reference
    _microlib_exit                            - Undefined Weak Reference
    __Vectors_Size                           0x000000bc   Number         0  startup_stm32g071xx.o ABSOLUTE
    __Vectors                                0x08000000   Data           4  startup_stm32g071xx.o(RESET)
    __Vectors_End                            0x080000bc   Data           0  startup_stm32g071xx.o(RESET)
    __main                                   0x080000bd   Thumb Code     0  entry.o(.ARM.Collect$$$$00000000)
    _main_stk                                0x080000bd   Thumb Code     0  entry2.o(.ARM.Collect$$$$00000001)
    _main_scatterload                        0x080000c1   Thumb Code     0  entry5.o(.ARM.Collect$$$$00000004)
    __main_after_scatterload                 0x080000c5   Thumb Code     0  entry5.o(.ARM.Collect$$$$00000004)
    _main_clock                              0x080000c5   Thumb Code     0  entry7b.o(.ARM.Collect$$$$00000008)
    _main_cpp_init                           0x080000c5   Thumb Code     0  entry8b.o(.ARM.Collect$$$$0000000A)
    _main_init                               0x080000c5   Thumb Code     0  entry9a.o(.ARM.Collect$$$$0000000B)
    __rt_final_cpp                           0x080000cd   Thumb Code     0  entry10a.o(.ARM.Collect$$$$0000000D)
    __rt_final_exit                          0x080000cd   Thumb Code     0  entry11a.o(.ARM.Collect$$$$0000000F)
    Reset_Handler                            0x080000d1   Thumb Code     8  startup_stm32g071xx.o(.text)
    ADC1_COMP_IRQHandler                     0x080000e3   Thumb Code     0  startup_stm32g071xx.o(.text)
    CEC_IRQHandler                           0x080000e3   Thumb Code     0  startup_stm32g071xx.o(.text)
    DMA1_Ch4_7_DMAMUX1_OVR_IRQHandler        0x080000e3   Thumb Code     0  startup_stm32g071xx.o(.text)
    DMA1_Channel1_IRQHandler                 0x080000e3   Thumb Code     0  startup_stm32g071xx.o(.text)
    DMA1_Channel2_3_IRQHandler               0x080000e3   Thumb Code     0  startup_stm32g071xx.o(.text)
    EXTI0_1_IRQHandler                       0x080000e3   Thumb Code     0  startup_stm32g071xx.o(.text)
    EXTI2_3_IRQHandler                       0x080000e3   Thumb Code     0  startup_stm32g071xx.o(.text)
    EXTI4_15_IRQHandler                      0x080000e3   Thumb Code     0  startup_stm32g071xx.o(.text)
    FLASH_IRQHandler                         0x080000e3   Thumb Code     0  startup_stm32g071xx.o(.text)
    I2C1_IRQHandler                          0x080000e3   Thumb Code     0  startup_stm32g071xx.o(.text)
    I2C2_IRQHandler                          0x080000e3   Thumb Code     0  startup_stm32g071xx.o(.text)
    PVD_IRQHandler                           0x080000e3   Thumb Code     0  startup_stm32g071xx.o(.text)
    RCC_IRQHandler                           0x080000e3   Thumb Code     0  startup_stm32g071xx.o(.text)
    RTC_TAMP_IRQHandler                      0x080000e3   Thumb Code     0  startup_stm32g071xx.o(.text)
    SPI1_IRQHandler                          0x080000e3   Thumb Code     0  startup_stm32g071xx.o(.text)
    SPI2_IRQHandler                          0x080000e3   Thumb Code     0  startup_stm32g071xx.o(.text)
    TIM14_IRQHandler                         0x080000e3   Thumb Code     0  startup_stm32g071xx.o(.text)
    TIM15_IRQHandler                         0x080000e3   Thumb Code     0  startup_stm32g071xx.o(.text)
    TIM16_IRQHandler                         0x080000e3   Thumb Code     0  startup_stm32g071xx.o(.text)
    TIM17_IRQHandler                         0x080000e3   Thumb Code     0  startup_stm32g071xx.o(.text)
    TIM1_BRK_UP_TRG_COM_IRQHandler           0x080000e3   Thumb Code     0  startup_stm32g071xx.o(.text)
    TIM1_CC_IRQHandler                       0x080000e3   Thumb Code     0  startup_stm32g071xx.o(.text)
    TIM2_IRQHandler                          0x080000e3   Thumb Code     0  startup_stm32g071xx.o(.text)
    TIM3_IRQHandler                          0x080000e3   Thumb Code     0  startup_stm32g071xx.o(.text)
    TIM6_DAC_LPTIM1_IRQHandler               0x080000e3   Thumb Code     0  startup_stm32g071xx.o(.text)
    TIM7_LPTIM2_IRQHandler                   0x080000e3   Thumb Code     0  startup_stm32g071xx.o(.text)
    UCPD1_2_IRQHandler                       0x080000e3   Thumb Code     0  startup_stm32g071xx.o(.text)
    USART1_IRQHandler                        0x080000e3   Thumb Code     0  startup_stm32g071xx.o(.text)
    USART2_IRQHandler                        0x080000e3   Thumb Code     0  startup_stm32g071xx.o(.text)
    USART3_4_LPUART1_IRQHandler              0x080000e3   Thumb Code     0  startup_stm32g071xx.o(.text)
    WWDG_IRQHandler                          0x080000e3   Thumb Code     0  startup_stm32g071xx.o(.text)
    __aeabi_uidiv                            0x080000ed   Thumb Code     0  uidiv.o(.text)
    __aeabi_uidivmod                         0x080000ed   Thumb Code    44  uidiv.o(.text)
    __aeabi_uldivmod                         0x08000119   Thumb Code    96  uldiv.o(.text)
    ___aeabi_memcpy8$move                    0x08000179   Thumb Code     0  memmovea.o(.text)
    __aeabi_memcpy                           0x08000179   Thumb Code    64  memmovea.o(.text)
    __aeabi_memcpy4                          0x08000179   Thumb Code     0  memmovea.o(.text)
    __aeabi_memmove                          0x08000179   Thumb Code     0  memmovea.o(.text)
    __aeabi_memmove4                         0x08000179   Thumb Code     0  memmovea.o(.text)
    __aeabi_memmove8                         0x08000179   Thumb Code     0  memmovea.o(.text)
    __aeabi_memset                           0x080001b9   Thumb Code    14  memseta.o(.text)
    __aeabi_memset4                          0x080001b9   Thumb Code     0  memseta.o(.text)
    __aeabi_memset8                          0x080001b9   Thumb Code     0  memseta.o(.text)
    __aeabi_memclr                           0x080001c7   Thumb Code     4  memseta.o(.text)
    __aeabi_memclr4                          0x080001c7   Thumb Code     0  memseta.o(.text)
    __aeabi_memclr8                          0x080001c7   Thumb Code     0  memseta.o(.text)
    _memset$wrapper                          0x080001cb   Thumb Code    18  memseta.o(.text)
    memcmp                                   0x080001dd   Thumb Code    26  memcmp.o(.text)
    __aeabi_uread4                           0x080001f7   Thumb Code    20  uread4.o(.text)
    __rt_uread4                              0x080001f7   Thumb Code     0  uread4.o(.text)
    _uread4                                  0x080001f7   Thumb Code     0  uread4.o(.text)
    __aeabi_llsl                             0x0800020b   Thumb Code    32  llshl.o(.text)
    _ll_shift_l                              0x0800020b   Thumb Code     0  llshl.o(.text)
    __aeabi_llsr                             0x0800022b   Thumb Code    34  llushr.o(.text)
    _ll_ushift_r                             0x0800022b   Thumb Code     0  llushr.o(.text)
    __scatterload                            0x0800024d   Thumb Code    28  init.o(.text)
    __scatterload_rt2                        0x0800024d   Thumb Code     0  init.o(.text)
    APP_Init                                 0x08000271   Thumb Code    52  app.o(i.APP_Init)
    APP_Run                                  0x080002d1   Thumb Code   100  app.o(i.APP_Run)
    AddBig                                   0x0800036d   Thumb Code   260  crypto.o(i.AddBig)
    Binary_DoublePointMul                    0x08000537   Thumb Code   296  crypto.o(i.Binary_DoublePointMul)
    COM_Flush                                0x08000661   Thumb Code    26  com.o(i.COM_Flush)
    COM_Init                                 0x08000681   Thumb Code    42  com.o(i.COM_Init)
    COM_Receive                              0x080006b5   Thumb Code    16  com.o(i.COM_Receive)
    CheckApplyStaticProtections              0x080006c9   Thumb Code    42  securitycheck.o(i.CheckApplyStaticProtections)
    CompareBig                               0x080006f9   Thumb Code   134  crypto.o(i.CompareBig)
    CopyBig                                  0x08000781   Thumb Code    70  crypto.o(i.CopyBig)
    CountBits                                0x080007cd   Thumb Code    50  crypto.o(i.CountBits)
    ECCcopyPoint                             0x08000801   Thumb Code   102  crypto.o(i.ECCcopyPoint)
    ECCfreeEC                                0x0800086d   Thumb Code   134  crypto.o(i.ECCfreeEC)
    ECCfreePoint                             0x080008f9   Thumb Code    64  crypto.o(i.ECCfreePoint)
    ECCgetPointFlag                          0x0800093d   Thumb Code    12  crypto.o(i.ECCgetPointFlag)
    ECCinitEC                                0x0800094d   Thumb Code   450  crypto.o(i.ECCinitEC)
    ECCinitPoint                             0x08000b19   Thumb Code   208  crypto.o(i.ECCinitPoint)
    ECCpoint2Monty                           0x08000bf1   Thumb Code    64  crypto.o(i.ECCpoint2Monty)
    ECCpointFromMonty                        0x08000c31   Thumb Code    62  crypto.o(i.ECCpointFromMonty)
    ECCsetPointCoordinate                    0x08000c71   Thumb Code    78  crypto.o(i.ECCsetPointCoordinate)
    ECCsetPointGenerator                     0x08000cc5   Thumb Code   126  crypto.o(i.ECCsetPointGenerator)
    ECCvalidatePubKey                        0x08000d4d   Thumb Code   538  crypto.o(i.ECCvalidatePubKey)
    ECDSAfreeSign                            0x08000f75   Thumb Code    52  crypto.o(i.ECDSAfreeSign)
    ECDSAinitSign                            0x08000fad   Thumb Code   126  crypto.o(i.ECDSAinitSign)
    ECDSAsetSignature                        0x08001035   Thumb Code    52  crypto.o(i.ECDSAsetSignature)
    ECDSAverify                              0x0800106d   Thumb Code   674  crypto.o(i.ECDSAverify)
    Error_Handler                            0x08001319   Thumb Code     8  main.o(i.Error_Handler)
    EvenBig                                  0x08001349   Thumb Code    16  crypto.o(i.EvenBig)
    FW_Hash_Verify                           0x08001385   Thumb Code   250  hashcheck.o(i.FW_Hash_Verify)
    FW_Signature_Verify                      0x08001595   Thumb Code   274  sigcheck.o(i.FW_Signature_Verify)
    FastDiv2                                 0x080017b1   Thumb Code    68  crypto.o(i.FastDiv2)
    FastMul2                                 0x080017f5   Thumb Code    82  crypto.o(i.FastMul2)
    FastMulInnerBase                         0x0800184d   Thumb Code    86  crypto.o(i.FastMulInnerBase)
    Fatal_Error_Handler                      0x080018a9   Thumb Code     8  hashcheck.o(i.Fatal_Error_Handler)
    GiveBit                                  0x080018d9   Thumb Code    28  crypto.o(i.GiveBit)
    HAL_Delay                                0x080018f5   Thumb Code    32  stm32g0xx_hal.o(i.HAL_Delay)
    HAL_FLASHEx_OBGetConfig                  0x08001919   Thumb Code   146  stm32g0xx_hal_flash_ex.o(i.HAL_FLASHEx_OBGetConfig)
    HAL_FLASH_Lock                           0x080019b9   Thumb Code    22  stm32g0xx_hal_flash.o(i.HAL_FLASH_Lock)
    HAL_FLASH_OB_Lock                        0x080019d5   Thumb Code    22  stm32g0xx_hal_flash.o(i.HAL_FLASH_OB_Lock)
    HAL_FLASH_OB_Unlock                      0x080019f1   Thumb Code    28  stm32g0xx_hal_flash.o(i.HAL_FLASH_OB_Unlock)
    HAL_FLASH_Unlock                         0x08001a19   Thumb Code    28  stm32g0xx_hal_flash.o(i.HAL_FLASH_Unlock)
    HAL_GPIO_Init                            0x08001a41   Thumb Code   292  stm32g0xx_hal_gpio.o(i.HAL_GPIO_Init)
    HAL_GPIO_TogglePin                       0x08001b75   Thumb Code    14  stm32g0xx_hal_gpio.o(i.HAL_GPIO_TogglePin)
    HAL_GPIO_WritePin                        0x08001b83   Thumb Code    12  stm32g0xx_hal_gpio.o(i.HAL_GPIO_WritePin)
    HAL_GetTick                              0x08001b91   Thumb Code     6  stm32g0xx_hal.o(i.HAL_GetTick)
    HAL_IncTick                              0x08001b9d   Thumb Code    12  stm32g0xx_hal.o(i.HAL_IncTick)
    HAL_Init                                 0x08001bad   Thumb Code    36  stm32g0xx_hal.o(i.HAL_Init)
    HAL_InitTick                             0x08001bd5   Thumb Code    64  stm32g0xx_hal.o(i.HAL_InitTick)
    HAL_MspInit                              0x08001c1d   Thumb Code    50  stm32g0xx_hal_msp.o(i.HAL_MspInit)
    HAL_NVIC_SetPriority                     0x08001c59   Thumb Code     8  stm32g0xx_hal_cortex.o(i.HAL_NVIC_SetPriority)
    HAL_PWREx_ControlVoltageScaling          0x08001c61   Thumb Code    62  stm32g0xx_hal_pwr_ex.o(i.HAL_PWREx_ControlVoltageScaling)
    HAL_RCCEx_PeriphCLKConfig                0x08001cad   Thumb Code   460  stm32g0xx_hal_rcc_ex.o(i.HAL_RCCEx_PeriphCLKConfig)
    HAL_RCC_ClockConfig                      0x08001e8d   Thumb Code   318  stm32g0xx_hal_rcc.o(i.HAL_RCC_ClockConfig)
    HAL_RCC_GetPCLK1Freq                     0x08001fe5   Thumb Code    26  stm32g0xx_hal_rcc.o(i.HAL_RCC_GetPCLK1Freq)
    HAL_RCC_GetSysClockFreq                  0x0800200d   Thumb Code   130  stm32g0xx_hal_rcc.o(i.HAL_RCC_GetSysClockFreq)
    HAL_RCC_OscConfig                        0x08002099   Thumb Code   970  stm32g0xx_hal_rcc.o(i.HAL_RCC_OscConfig)
    HAL_SYSTICK_Config                       0x08002489   Thumb Code    38  stm32g0xx_hal_cortex.o(i.HAL_SYSTICK_Config)
    HAL_UARTEx_DisableFifoMode               0x080024b9   Thumb Code    66  stm32g0xx_hal_uart_ex.o(i.HAL_UARTEx_DisableFifoMode)
    HAL_UARTEx_SetRxFifoThreshold            0x080024fb   Thumb Code    78  stm32g0xx_hal_uart_ex.o(i.HAL_UARTEx_SetRxFifoThreshold)
    HAL_UARTEx_SetTxFifoThreshold            0x08002549   Thumb Code    76  stm32g0xx_hal_uart_ex.o(i.HAL_UARTEx_SetTxFifoThreshold)
    HAL_UART_Init                            0x08002595   Thumb Code   112  stm32g0xx_hal_uart.o(i.HAL_UART_Init)
    HAL_UART_MspInit                         0x08002605   Thumb Code    84  stm32g0xx_hal_msp.o(i.HAL_UART_MspInit)
    HAL_UART_Receive                         0x08002661   Thumb Code   274  stm32g0xx_hal_uart.o(i.HAL_UART_Receive)
    HAL_UART_Transmit                        0x08002779   Thumb Code   224  stm32g0xx_hal_uart.o(i.HAL_UART_Transmit)
    HardFault_Handler                        0x08002859   Thumb Code     2  stm32g0xx_it.o(i.HardFault_Handler)
    InitBig                                  0x0800285b   Thumb Code    48  crypto.o(i.InitBig)
    IsZeroBig                                0x0800288b   Thumb Code    22  crypto.o(i.IsZeroBig)
    LeftShift                                0x080028a1   Thumb Code   100  crypto.o(i.LeftShift)
    ModularAddBig                            0x080029c5   Thumb Code    68  crypto.o(i.ModularAddBig)
    ModularFastMul2                          0x08002a0d   Thumb Code    56  crypto.o(i.ModularFastMul2)
    ModularInvBig                            0x08002a49   Thumb Code   432  crypto.o(i.ModularInvBig)
    ModularSubBig                            0x08002bfd   Thumb Code    46  crypto.o(i.ModularSubBig)
    MontyExit                                0x08002c2d   Thumb Code    64  crypto.o(i.MontyExit)
    MontyInit                                0x08002c71   Thumb Code   312  crypto.o(i.MontyInit)
    MontyJacProjAddPoints                    0x08002dad   Thumb Code   584  crypto.o(i.MontyJacProjAddPoints)
    MontyJacProjDoublePoint                  0x08002ff5   Thumb Code   540  crypto.o(i.MontyJacProjDoublePoint)
    MontyKillAll                             0x08003211   Thumb Code    24  crypto.o(i.MontyKillAll)
    MontyKillR2                              0x08003229   Thumb Code    12  crypto.o(i.MontyKillR2)
    MontyMul                                 0x08003235   Thumb Code   384  crypto.o(i.MontyMul)
    MulBigbyUnInt                            0x080033b9   Thumb Code    96  crypto.o(i.MulBigbyUnInt)
    NMI_Handler                              0x0800341d   Thumb Code     2  stm32g0xx_it.o(i.NMI_Handler)
    Normalize                                0x0800341f   Thumb Code   262  crypto.o(i.Normalize)
    PendSV_Handler                           0x08003525   Thumb Code     2  stm32g0xx_it.o(i.PendSV_Handler)
    RightShift                               0x08003527   Thumb Code    72  crypto.o(i.RightShift)
    SHA256Final                              0x0800356f   Thumb Code   264  crypto.o(i.SHA256Final)
    SHA256Init                               0x08003679   Thumb Code    40  crypto.o(i.SHA256Init)
    SHA256Update                             0x08003961   Thumb Code   130  crypto.o(i.SHA256Update)
    SHA256_Append                            0x080039e5   Thumb Code    38  crypto.o(i.SHA256_Append)
    SHA256_Finish                            0x08003a11   Thumb Code    80  crypto.o(i.SHA256_Finish)
    SHA256_Init                              0x08003a65   Thumb Code    26  crypto.o(i.SHA256_Init)
    STM32_SHA256_HASH_DigestCompute          0x08003a85   Thumb Code    60  hashcheck.o(i.STM32_SHA256_HASH_DigestCompute)
    SVC_Handler                              0x08003ac1   Thumb Code     2  stm32g0xx_it.o(i.SVC_Handler)
    SetZeroBig                               0x08003ac3   Thumb Code    34  crypto.o(i.SetZeroBig)
    SignBig                                  0x08003ae5   Thumb Code    10  crypto.o(i.SignBig)
    StAllocBig                               0x08003c4d   Thumb Code    50  crypto.o(i.StAllocBig)
    StFreeBig                                0x08003c85   Thumb Code    28  crypto.o(i.StFreeBig)
    SubBig                                   0x08003ca1   Thumb Code   182  crypto.o(i.SubBig)
    Sub_Moduli_Big                           0x08003d5d   Thumb Code   214  crypto.o(i.Sub_Moduli_Big)
    SysTick_Handler                          0x08003e39   Thumb Code     8  stm32g0xx_it.o(i.SysTick_Handler)
    SystemClock_Config                       0x08003e41   Thumb Code   128  main.o(i.SystemClock_Config)
    SystemInit                               0x08003ec1   Thumb Code    10  system_stm32g0xx.o(i.SystemInit)
    UART_AdvFeatureConfig                    0x0800412d   Thumb Code   202  stm32g0xx_hal_uart.o(i.UART_AdvFeatureConfig)
    UART_CheckIdleState                      0x080041f9   Thumb Code    94  stm32g0xx_hal_uart.o(i.UART_CheckIdleState)
    UART_SetConfig                           0x0800425d   Thumb Code  1624  stm32g0xx_hal_uart.o(i.UART_SetConfig)
    UART_WaitOnFlagUntilTimeout              0x080048bd   Thumb Code   102  stm32g0xx_hal_uart.o(i.UART_WaitOnFlagUntilTimeout)
    W8_to_Big                                0x08004925   Thumb Code   214  crypto.o(i.W8_to_Big)
    __0printf$8                              0x08004a01   Thumb Code    24  printf8.o(i.__0printf$8)
    __1printf$8                              0x08004a01   Thumb Code     0  printf8.o(i.__0printf$8)
    __2printf                                0x08004a01   Thumb Code     0  printf8.o(i.__0printf$8)
    __ARM_common_ll_muluu                    0x08004a21   Thumb Code    48  crypto.o(i.__ARM_common_ll_muluu)
    __ARM_common_switch8                     0x08004a51   Thumb Code    26  stm32g0xx_hal_dma.o(i.__ARM_common_switch8)
    __scatterload_copy                       0x08004ab1   Thumb Code    14  handlers.o(i.__scatterload_copy)
    __scatterload_null                       0x08004abf   Thumb Code     2  handlers.o(i.__scatterload_null)
    __scatterload_zeroinit                   0x08004ac1   Thumb Code    14  handlers.o(i.__scatterload_zeroinit)
    fputc                                    0x08004f45   Thumb Code    18  com.o(i.fputc)
    main                                     0x08004f61   Thumb Code    72  main.o(i.main)
    AHBPrescTable                            0x0800514c   Data          64  system_stm32g0xx.o(.constdata)
    APBPrescTable                            0x0800518c   Data          32  system_stm32g0xx.o(.constdata)
    Sbox                                     0x080051b4   Data         256  crypto.o(.constdata)
    InvSbox                                  0x080052b4   Data         256  crypto.o(.constdata)
    rcon                                     0x080053b4   Data          40  crypto.o(.constdata)
    SP1                                      0x080053fc   Data         256  crypto.o(.constdata)
    SP2                                      0x080054fc   Data         256  crypto.o(.constdata)
    SP3                                      0x080055fc   Data         256  crypto.o(.constdata)
    SP4                                      0x080056fc   Data         256  crypto.o(.constdata)
    SP5                                      0x080057fc   Data         256  crypto.o(.constdata)
    SP6                                      0x080058fc   Data         256  crypto.o(.constdata)
    SP7                                      0x080059fc   Data         256  crypto.o(.constdata)
    SP8                                      0x08005afc   Data         256  crypto.o(.constdata)
    K256                                     0x08005bfc   Data         256  crypto.o(.constdata)
    sigma                                    0x08005f80   Data          16  crypto.o(.constdata)
    ge25519_base                             0x08006004   Data         128  crypto.o(.constdata)
    Region$$Table$$Base                      0x080063ac   Number         0  anon$$obj.o(Region$$Table)
    Image$$ER_IROM1$$Limit                   0x080063cc   Number         0  anon$$obj.o ABSOLUTE
    Region$$Table$$Limit                     0x080063cc   Number         0  anon$$obj.o(Region$$Table)
    uwTickPrio                               0x20000040   Data           4  stm32g0xx_hal.o(.data)
    uwTickFreq                               0x20000044   Data           4  stm32g0xx_hal.o(.data)
    uwTick                                   0x20000048   Data           4  stm32g0xx_hal.o(.data)
    SystemCoreClock                          0x2000004c   Data           4  system_stm32g0xx.o(.data)
    __stdout                                 0x20000050   Data           4  stdout.o(.data)
    huart2                                   0x200000e0   Data         140  main.o(.bss)
    __initial_sp                             0x20000d80   Data           0  startup_stm32g071xx.o(STACK)



==============================================================================

Memory Map of the image

  Image Entry point : 0x080000bd

  Load Region LR_IROM1 (Base: 0x08000000, Size: 0x00006420, Max: 0x00020000, ABSOLUTE)

    Execution Region ER_IROM1 (Exec base: 0x08000000, Load base: 0x08000000, Size: 0x000063cc, Max: 0x00020000, ABSOLUTE)

    Exec Addr    Load Addr    Size         Type   Attr      Idx    E Section Name        Object

    0x08000000   0x08000000   0x000000bc   Data   RO            3    RESET               startup_stm32g071xx.o
    0x080000bc   0x080000bc   0x00000000   Code   RO         3168  * .ARM.Collect$$$$00000000  mc_p.l(entry.o)
    0x080000bc   0x080000bc   0x00000004   Code   RO         3454    .ARM.Collect$$$$00000001  mc_p.l(entry2.o)
    0x080000c0   0x080000c0   0x00000004   Code   RO         3457    .ARM.Collect$$$$00000004  mc_p.l(entry5.o)
    0x080000c4   0x080000c4   0x00000000   Code   RO         3459    .ARM.Collect$$$$00000008  mc_p.l(entry7b.o)
    0x080000c4   0x080000c4   0x00000000   Code   RO         3461    .ARM.Collect$$$$0000000A  mc_p.l(entry8b.o)
    0x080000c4   0x080000c4   0x00000008   Code   RO         3462    .ARM.Collect$$$$0000000B  mc_p.l(entry9a.o)
    0x080000cc   0x080000cc   0x00000000   Code   RO         3464    .ARM.Collect$$$$0000000D  mc_p.l(entry10a.o)
    0x080000cc   0x080000cc   0x00000000   Code   RO         3466    .ARM.Collect$$$$0000000F  mc_p.l(entry11a.o)
    0x080000cc   0x080000cc   0x00000004   Code   RO         3455    .ARM.Collect$$$$00002712  mc_p.l(entry2.o)
    0x080000d0   0x080000d0   0x0000001c   Code   RO            4    .text               startup_stm32g071xx.o
    0x080000ec   0x080000ec   0x0000002c   Code   RO         3171    .text               mc_p.l(uidiv.o)
    0x08000118   0x08000118   0x00000060   Code   RO         3175    .text               mc_p.l(uldiv.o)
    0x08000178   0x08000178   0x00000040   Code   RO         3181    .text               mc_p.l(memmovea.o)
    0x080001b8   0x080001b8   0x00000024   Code   RO         3183    .text               mc_p.l(memseta.o)
    0x080001dc   0x080001dc   0x0000001a   Code   RO         3185    .text               mc_p.l(memcmp.o)
    0x080001f6   0x080001f6   0x00000014   Code   RO         3452    .text               mc_p.l(uread4.o)
    0x0800020a   0x0800020a   0x00000020   Code   RO         3469    .text               mc_p.l(llshl.o)
    0x0800022a   0x0800022a   0x00000022   Code   RO         3471    .text               mc_p.l(llushr.o)
    0x0800024c   0x0800024c   0x00000024   Code   RO         3484    .text               mc_p.l(init.o)
    0x08000270   0x08000270   0x00000060   Code   RO          414    i.APP_Init          app.o
    0x080002d0   0x080002d0   0x0000009c   Code   RO          415    i.APP_Run           app.o
    0x0800036c   0x0800036c   0x00000108   Code   RO         2576    i.AddBig            STM32CryptographicV3.1.3_CM0PLUS_KEIL_1elfspf.lib(crypto.o)
    0x08000474   0x08000474   0x000000c2   Code   RO         2577    i.Add_Moduli_Big    STM32CryptographicV3.1.3_CM0PLUS_KEIL_1elfspf.lib(crypto.o)
    0x08000536   0x08000536   0x00000128   Code   RO         2580    i.Binary_DoublePointMul  STM32CryptographicV3.1.3_CM0PLUS_KEIL_1elfspf.lib(crypto.o)
    0x0800065e   0x0800065e   0x00000002   PAD
    0x08000660   0x08000660   0x00000020   Code   RO           13    i.COM_Flush         com.o
    0x08000680   0x08000680   0x00000034   Code   RO           14    i.COM_Init          com.o
    0x080006b4   0x080006b4   0x00000014   Code   RO           15    i.COM_Receive       com.o
    0x080006c8   0x080006c8   0x00000030   Code   RO          684    i.CheckApplyStaticProtections  securitycheck.o
    0x080006f8   0x080006f8   0x00000086   Code   RO         2598    i.CompareBig        STM32CryptographicV3.1.3_CM0PLUS_KEIL_1elfspf.lib(crypto.o)
    0x0800077e   0x0800077e   0x00000002   PAD
    0x08000780   0x08000780   0x0000004c   Code   RO         2599    i.CopyBig           STM32CryptographicV3.1.3_CM0PLUS_KEIL_1elfspf.lib(crypto.o)
    0x080007cc   0x080007cc   0x00000032   Code   RO         2600    i.CountBits         STM32CryptographicV3.1.3_CM0PLUS_KEIL_1elfspf.lib(crypto.o)
    0x080007fe   0x080007fe   0x00000002   PAD
    0x08000800   0x08000800   0x0000006c   Code   RO         2619    i.ECCcopyPoint      STM32CryptographicV3.1.3_CM0PLUS_KEIL_1elfspf.lib(crypto.o)
    0x0800086c   0x0800086c   0x0000008c   Code   RO         2620    i.ECCfreeEC         STM32CryptographicV3.1.3_CM0PLUS_KEIL_1elfspf.lib(crypto.o)
    0x080008f8   0x080008f8   0x00000044   Code   RO         2621    i.ECCfreePoint      STM32CryptographicV3.1.3_CM0PLUS_KEIL_1elfspf.lib(crypto.o)
    0x0800093c   0x0800093c   0x00000010   Code   RO         2624    i.ECCgetPointFlag   STM32CryptographicV3.1.3_CM0PLUS_KEIL_1elfspf.lib(crypto.o)
    0x0800094c   0x0800094c   0x000001cc   Code   RO         2626    i.ECCinitEC         STM32CryptographicV3.1.3_CM0PLUS_KEIL_1elfspf.lib(crypto.o)
    0x08000b18   0x08000b18   0x000000d8   Code   RO         2627    i.ECCinitPoint      STM32CryptographicV3.1.3_CM0PLUS_KEIL_1elfspf.lib(crypto.o)
    0x08000bf0   0x08000bf0   0x00000040   Code   RO         2630    i.ECCpoint2Monty    STM32CryptographicV3.1.3_CM0PLUS_KEIL_1elfspf.lib(crypto.o)
    0x08000c30   0x08000c30   0x0000003e   Code   RO         2631    i.ECCpointFromMonty  STM32CryptographicV3.1.3_CM0PLUS_KEIL_1elfspf.lib(crypto.o)
    0x08000c6e   0x08000c6e   0x00000002   PAD
    0x08000c70   0x08000c70   0x00000054   Code   RO         2633    i.ECCsetPointCoordinate  STM32CryptographicV3.1.3_CM0PLUS_KEIL_1elfspf.lib(crypto.o)
    0x08000cc4   0x08000cc4   0x00000088   Code   RO         2635    i.ECCsetPointGenerator  STM32CryptographicV3.1.3_CM0PLUS_KEIL_1elfspf.lib(crypto.o)
    0x08000d4c   0x08000d4c   0x00000228   Code   RO         2638    i.ECCvalidatePubKey  STM32CryptographicV3.1.3_CM0PLUS_KEIL_1elfspf.lib(crypto.o)
    0x08000f74   0x08000f74   0x00000038   Code   RO         2639    i.ECDSAfreeSign     STM32CryptographicV3.1.3_CM0PLUS_KEIL_1elfspf.lib(crypto.o)
    0x08000fac   0x08000fac   0x00000088   Code   RO         2641    i.ECDSAinitSign     STM32CryptographicV3.1.3_CM0PLUS_KEIL_1elfspf.lib(crypto.o)
    0x08001034   0x08001034   0x00000038   Code   RO         2642    i.ECDSAsetSignature  STM32CryptographicV3.1.3_CM0PLUS_KEIL_1elfspf.lib(crypto.o)
    0x0800106c   0x0800106c   0x000002ac   Code   RO         2644    i.ECDSAverify       STM32CryptographicV3.1.3_CM0PLUS_KEIL_1elfspf.lib(crypto.o)
    0x08001318   0x08001318   0x00000030   Code   RO          264    i.Error_Handler     main.o
    0x08001348   0x08001348   0x00000010   Code   RO         2648    i.EvenBig           STM32CryptographicV3.1.3_CM0PLUS_KEIL_1elfspf.lib(crypto.o)
    0x08001358   0x08001358   0x00000018   Code   RO         1556    i.FLASH_OB_GetRDP   stm32g0xx_hal_flash_ex.o
    0x08001370   0x08001370   0x00000014   Code   RO         1557    i.FLASH_OB_GetUser  stm32g0xx_hal_flash_ex.o
    0x08001384   0x08001384   0x00000210   Code   RO          454    i.FW_Hash_Verify    hashcheck.o
    0x08001594   0x08001594   0x0000021c   Code   RO          704    i.FW_Signature_Verify  sigcheck.o
    0x080017b0   0x080017b0   0x00000044   Code   RO         2649    i.FastDiv2          STM32CryptographicV3.1.3_CM0PLUS_KEIL_1elfspf.lib(crypto.o)
    0x080017f4   0x080017f4   0x00000058   Code   RO         2651    i.FastMul2          STM32CryptographicV3.1.3_CM0PLUS_KEIL_1elfspf.lib(crypto.o)
    0x0800184c   0x0800184c   0x0000005c   Code   RO         2652    i.FastMulInnerBase  STM32CryptographicV3.1.3_CM0PLUS_KEIL_1elfspf.lib(crypto.o)
    0x080018a8   0x080018a8   0x00000030   Code   RO          455    i.Fatal_Error_Handler  hashcheck.o
    0x080018d8   0x080018d8   0x0000001c   Code   RO         2655    i.GiveBit           STM32CryptographicV3.1.3_CM0PLUS_KEIL_1elfspf.lib(crypto.o)
    0x080018f4   0x080018f4   0x00000024   Code   RO         2180    i.HAL_Delay         stm32g0xx_hal.o
    0x08001918   0x08001918   0x000000a0   Code   RO         1567    i.HAL_FLASHEx_OBGetConfig  stm32g0xx_hal_flash_ex.o
    0x080019b8   0x080019b8   0x0000001c   Code   RO         1455    i.HAL_FLASH_Lock    stm32g0xx_hal_flash.o
    0x080019d4   0x080019d4   0x0000001c   Code   RO         1457    i.HAL_FLASH_OB_Lock  stm32g0xx_hal_flash.o
    0x080019f0   0x080019f0   0x00000028   Code   RO         1458    i.HAL_FLASH_OB_Unlock  stm32g0xx_hal_flash.o
    0x08001a18   0x08001a18   0x00000028   Code   RO         1462    i.HAL_FLASH_Unlock  stm32g0xx_hal_flash.o
    0x08001a40   0x08001a40   0x00000134   Code   RO          740    i.HAL_GPIO_Init     stm32g0xx_hal_gpio.o
    0x08001b74   0x08001b74   0x0000000e   Code   RO          743    i.HAL_GPIO_TogglePin  stm32g0xx_hal_gpio.o
    0x08001b82   0x08001b82   0x0000000c   Code   RO          744    i.HAL_GPIO_WritePin  stm32g0xx_hal_gpio.o
    0x08001b8e   0x08001b8e   0x00000002   PAD
    0x08001b90   0x08001b90   0x0000000c   Code   RO         2184    i.HAL_GetTick       stm32g0xx_hal.o
    0x08001b9c   0x08001b9c   0x00000010   Code   RO         2190    i.HAL_IncTick       stm32g0xx_hal.o
    0x08001bac   0x08001bac   0x00000028   Code   RO         2191    i.HAL_Init          stm32g0xx_hal.o
    0x08001bd4   0x08001bd4   0x00000048   Code   RO         2192    i.HAL_InitTick      stm32g0xx_hal.o
    0x08001c1c   0x08001c1c   0x0000003c   Code   RO          379    i.HAL_MspInit       stm32g0xx_hal_msp.o
    0x08001c58   0x08001c58   0x00000008   Code   RO         2072    i.HAL_NVIC_SetPriority  stm32g0xx_hal_cortex.o
    0x08001c60   0x08001c60   0x0000004c   Code   RO         1923    i.HAL_PWREx_ControlVoltageScaling  stm32g0xx_hal_pwr_ex.o
    0x08001cac   0x08001cac   0x000001e0   Code   RO         1406    i.HAL_RCCEx_PeriphCLKConfig  stm32g0xx_hal_rcc_ex.o
    0x08001e8c   0x08001e8c   0x00000158   Code   RO         1296    i.HAL_RCC_ClockConfig  stm32g0xx_hal_rcc.o
    0x08001fe4   0x08001fe4   0x00000028   Code   RO         1304    i.HAL_RCC_GetPCLK1Freq  stm32g0xx_hal_rcc.o
    0x0800200c   0x0800200c   0x0000008c   Code   RO         1305    i.HAL_RCC_GetSysClockFreq  stm32g0xx_hal_rcc.o
    0x08002098   0x08002098   0x000003f0   Code   RO         1309    i.HAL_RCC_OscConfig  stm32g0xx_hal_rcc.o
    0x08002488   0x08002488   0x00000030   Code   RO         2076    i.HAL_SYSTICK_Config  stm32g0xx_hal_cortex.o
    0x080024b8   0x080024b8   0x00000042   Code   RO         1206    i.HAL_UARTEx_DisableFifoMode  stm32g0xx_hal_uart_ex.o
    0x080024fa   0x080024fa   0x0000004e   Code   RO         1211    i.HAL_UARTEx_SetRxFifoThreshold  stm32g0xx_hal_uart_ex.o
    0x08002548   0x08002548   0x0000004c   Code   RO         1212    i.HAL_UARTEx_SetTxFifoThreshold  stm32g0xx_hal_uart_ex.o
    0x08002594   0x08002594   0x00000070   Code   RO          858    i.HAL_UART_Init     stm32g0xx_hal_uart.o
    0x08002604   0x08002604   0x0000005c   Code   RO          381    i.HAL_UART_MspInit  stm32g0xx_hal_msp.o
    0x08002660   0x08002660   0x00000118   Code   RO          861    i.HAL_UART_Receive  stm32g0xx_hal_uart.o
    0x08002778   0x08002778   0x000000e0   Code   RO          866    i.HAL_UART_Transmit  stm32g0xx_hal_uart.o
    0x08002858   0x08002858   0x00000002   Code   RO          332    i.HardFault_Handler  stm32g0xx_it.o
    0x0800285a   0x0800285a   0x00000030   Code   RO         2675    i.InitBig           STM32CryptographicV3.1.3_CM0PLUS_KEIL_1elfspf.lib(crypto.o)
    0x0800288a   0x0800288a   0x00000016   Code   RO         2676    i.IsZeroBig         STM32CryptographicV3.1.3_CM0PLUS_KEIL_1elfspf.lib(crypto.o)
    0x080028a0   0x080028a0   0x00000068   Code   RO         2677    i.LeftShift         STM32CryptographicV3.1.3_CM0PLUS_KEIL_1elfspf.lib(crypto.o)
    0x08002908   0x08002908   0x00000060   Code   RO          265    i.MX_GPIO_Init      main.o
    0x08002968   0x08002968   0x0000005c   Code   RO          266    i.MX_USART2_UART_Init  main.o
    0x080029c4   0x080029c4   0x00000048   Code   RO         2681    i.ModularAddBig     STM32CryptographicV3.1.3_CM0PLUS_KEIL_1elfspf.lib(crypto.o)
    0x08002a0c   0x08002a0c   0x0000003c   Code   RO         2683    i.ModularFastMul2   STM32CryptographicV3.1.3_CM0PLUS_KEIL_1elfspf.lib(crypto.o)
    0x08002a48   0x08002a48   0x000001b4   Code   RO         2684    i.ModularInvBig     STM32CryptographicV3.1.3_CM0PLUS_KEIL_1elfspf.lib(crypto.o)
    0x08002bfc   0x08002bfc   0x0000002e   Code   RO         2685    i.ModularSubBig     STM32CryptographicV3.1.3_CM0PLUS_KEIL_1elfspf.lib(crypto.o)
    0x08002c2a   0x08002c2a   0x00000002   PAD
    0x08002c2c   0x08002c2c   0x00000044   Code   RO         2686    i.MontyExit         STM32CryptographicV3.1.3_CM0PLUS_KEIL_1elfspf.lib(crypto.o)
    0x08002c70   0x08002c70   0x0000013c   Code   RO         2687    i.MontyInit         STM32CryptographicV3.1.3_CM0PLUS_KEIL_1elfspf.lib(crypto.o)
    0x08002dac   0x08002dac   0x00000248   Code   RO         2688    i.MontyJacProjAddPoints  STM32CryptographicV3.1.3_CM0PLUS_KEIL_1elfspf.lib(crypto.o)
    0x08002ff4   0x08002ff4   0x0000021c   Code   RO         2689    i.MontyJacProjDoublePoint  STM32CryptographicV3.1.3_CM0PLUS_KEIL_1elfspf.lib(crypto.o)
    0x08003210   0x08003210   0x00000018   Code   RO         2690    i.MontyKillAll      STM32CryptographicV3.1.3_CM0PLUS_KEIL_1elfspf.lib(crypto.o)
    0x08003228   0x08003228   0x0000000c   Code   RO         2691    i.MontyKillR2       STM32CryptographicV3.1.3_CM0PLUS_KEIL_1elfspf.lib(crypto.o)
    0x08003234   0x08003234   0x00000184   Code   RO         2692    i.MontyMul          STM32CryptographicV3.1.3_CM0PLUS_KEIL_1elfspf.lib(crypto.o)
    0x080033b8   0x080033b8   0x00000064   Code   RO         2693    i.MulBigbyUnInt     STM32CryptographicV3.1.3_CM0PLUS_KEIL_1elfspf.lib(crypto.o)
    0x0800341c   0x0800341c   0x00000002   Code   RO          333    i.NMI_Handler       stm32g0xx_it.o
    0x0800341e   0x0800341e   0x00000106   Code   RO         2695    i.Normalize         STM32CryptographicV3.1.3_CM0PLUS_KEIL_1elfspf.lib(crypto.o)
    0x08003524   0x08003524   0x00000002   Code   RO          334    i.PendSV_Handler    stm32g0xx_it.o
    0x08003526   0x08003526   0x00000048   Code   RO         2715    i.RightShift        STM32CryptographicV3.1.3_CM0PLUS_KEIL_1elfspf.lib(crypto.o)
    0x0800356e   0x0800356e   0x00000108   Code   RO         2728    i.SHA256Final       STM32CryptographicV3.1.3_CM0PLUS_KEIL_1elfspf.lib(crypto.o)
    0x08003676   0x08003676   0x00000002   PAD
    0x08003678   0x08003678   0x00000048   Code   RO         2729    i.SHA256Init        STM32CryptographicV3.1.3_CM0PLUS_KEIL_1elfspf.lib(crypto.o)
    0x080036c0   0x080036c0   0x000002a0   Code   RO         2730    i.SHA256Transform   STM32CryptographicV3.1.3_CM0PLUS_KEIL_1elfspf.lib(crypto.o)
    0x08003960   0x08003960   0x00000082   Code   RO         2731    i.SHA256Update      STM32CryptographicV3.1.3_CM0PLUS_KEIL_1elfspf.lib(crypto.o)
    0x080039e2   0x080039e2   0x00000002   PAD
    0x080039e4   0x080039e4   0x0000002c   Code   RO         2732    i.SHA256_Append     STM32CryptographicV3.1.3_CM0PLUS_KEIL_1elfspf.lib(crypto.o)
    0x08003a10   0x08003a10   0x00000054   Code   RO         2733    i.SHA256_Finish     STM32CryptographicV3.1.3_CM0PLUS_KEIL_1elfspf.lib(crypto.o)
    0x08003a64   0x08003a64   0x00000020   Code   RO         2734    i.SHA256_Init       STM32CryptographicV3.1.3_CM0PLUS_KEIL_1elfspf.lib(crypto.o)
    0x08003a84   0x08003a84   0x0000003c   Code   RO          456    i.STM32_SHA256_HASH_DigestCompute  hashcheck.o
    0x08003ac0   0x08003ac0   0x00000002   Code   RO          335    i.SVC_Handler       stm32g0xx_it.o
    0x08003ac2   0x08003ac2   0x00000022   Code   RO         2748    i.SetZeroBig        STM32CryptographicV3.1.3_CM0PLUS_KEIL_1elfspf.lib(crypto.o)
    0x08003ae4   0x08003ae4   0x0000000a   Code   RO         2749    i.SignBig           STM32CryptographicV3.1.3_CM0PLUS_KEIL_1elfspf.lib(crypto.o)
    0x08003aee   0x08003aee   0x00000002   PAD
    0x08003af0   0x08003af0   0x0000015c   Code   RO          705    i.SignatureVerify   sigcheck.o
    0x08003c4c   0x08003c4c   0x00000038   Code   RO         2750    i.StAllocBig        STM32CryptographicV3.1.3_CM0PLUS_KEIL_1elfspf.lib(crypto.o)
    0x08003c84   0x08003c84   0x0000001c   Code   RO         2751    i.StFreeBig         STM32CryptographicV3.1.3_CM0PLUS_KEIL_1elfspf.lib(crypto.o)
    0x08003ca0   0x08003ca0   0x000000bc   Code   RO         2752    i.SubBig            STM32CryptographicV3.1.3_CM0PLUS_KEIL_1elfspf.lib(crypto.o)
    0x08003d5c   0x08003d5c   0x000000dc   Code   RO         2753    i.Sub_Moduli_Big    STM32CryptographicV3.1.3_CM0PLUS_KEIL_1elfspf.lib(crypto.o)
    0x08003e38   0x08003e38   0x00000008   Code   RO          336    i.SysTick_Handler   stm32g0xx_it.o
    0x08003e40   0x08003e40   0x00000080   Code   RO          267    i.SystemClock_Config  main.o
    0x08003ec0   0x08003ec0   0x00000010   Code   RO         2462    i.SystemInit        system_stm32g0xx.o
    0x08003ed0   0x08003ed0   0x000000d8   Code   RO          416    i.TEST_PROTECTIONS_PrintTestingMenu  app.o
    0x08003fa8   0x08003fa8   0x00000124   Code   RO          417    i.TEST_PROTECTIONS_Read_SecUserMem  app.o
    0x080040cc   0x080040cc   0x00000060   Code   RO         1216    i.UARTEx_SetNbDataToProcess  stm32g0xx_hal_uart_ex.o
    0x0800412c   0x0800412c   0x000000ca   Code   RO          871    i.UART_AdvFeatureConfig  stm32g0xx_hal_uart.o
    0x080041f6   0x080041f6   0x00000002   PAD
    0x080041f8   0x080041f8   0x00000064   Code   RO          872    i.UART_CheckIdleState  stm32g0xx_hal_uart.o
    0x0800425c   0x0800425c   0x00000660   Code   RO          889    i.UART_SetConfig    stm32g0xx_hal_uart.o
    0x080048bc   0x080048bc   0x00000066   Code   RO          894    i.UART_WaitOnFlagUntilTimeout  stm32g0xx_hal_uart.o
    0x08004922   0x08004922   0x00000002   PAD
    0x08004924   0x08004924   0x000000dc   Code   RO         2769    i.W8_to_Big         STM32CryptographicV3.1.3_CM0PLUS_KEIL_1elfspf.lib(crypto.o)
    0x08004a00   0x08004a00   0x00000020   Code   RO         3398    i.__0printf$8       mc_p.l(printf8.o)
    0x08004a20   0x08004a20   0x00000030   Code   RO         3166    i.__ARM_common_ll_muluu  STM32CryptographicV3.1.3_CM0PLUS_KEIL_1elfspf.lib(crypto.o)
    0x08004a50   0x08004a50   0x0000001a   Code   RO         1750    i.__ARM_common_switch8  stm32g0xx_hal_dma.o
    0x08004a6a   0x08004a6a   0x00000002   PAD
    0x08004a6c   0x08004a6c   0x00000044   Code   RO         2078    i.__NVIC_SetPriority  stm32g0xx_hal_cortex.o
    0x08004ab0   0x08004ab0   0x0000000e   Code   RO         3494    i.__scatterload_copy  mc_p.l(handlers.o)
    0x08004abe   0x08004abe   0x00000002   Code   RO         3495    i.__scatterload_null  mc_p.l(handlers.o)
    0x08004ac0   0x08004ac0   0x0000000e   Code   RO         3496    i.__scatterload_zeroinit  mc_p.l(handlers.o)
    0x08004ace   0x08004ace   0x00000002   PAD
    0x08004ad0   0x08004ad0   0x00000428   Code   RO         3405    i._printf_core      mc_p.l(printf8.o)
    0x08004ef8   0x08004ef8   0x00000020   Code   RO         3406    i._printf_post_padding  mc_p.l(printf8.o)
    0x08004f18   0x08004f18   0x0000002c   Code   RO         3407    i._printf_pre_padding  mc_p.l(printf8.o)
    0x08004f44   0x08004f44   0x0000001c   Code   RO           21    i.fputc             com.o
    0x08004f60   0x08004f60   0x00000110   Code   RO          268    i.main              main.o
    0x08005070   0x08005070   0x00000019   Data   RO          419    .constdata          app.o
    0x08005089   0x08005089   0x00000003   PAD
    0x0800508c   0x0800508c   0x000000c0   Data   RO          707    .constdata          sigcheck.o
    0x0800514c   0x0800514c   0x00000040   Data   RO         2463    .constdata          system_stm32g0xx.o
    0x0800518c   0x0800518c   0x00000020   Data   RO         2464    .constdata          system_stm32g0xx.o
    0x080051ac   0x080051ac   0x00000004   PAD
    0x080051b0   0x080051b0   0x00001164   Data   RO         2821    .constdata          STM32CryptographicV3.1.3_CM0PLUS_KEIL_1elfspf.lib(crypto.o)
    0x08006314   0x08006314   0x00000096   Data   RO          420    .conststring        app.o
    0x080063aa   0x080063aa   0x00000002   PAD
    0x080063ac   0x080063ac   0x00000020   Data   RO         3492    Region$$Table       anon$$obj.o


    Execution Region RW_IRAM1 (Exec base: 0x20000000, Load base: 0x080063cc, Size: 0x00000d80, Max: 0x00009000, ABSOLUTE)

    Exec Addr    Load Addr    Size         Type   Attr      Idx    E Section Name        Object

    0x20000000   0x080063cc   0x00000040   Data   RW          708    .data               sigcheck.o
    0x20000040   0x0800640c   0x0000000c   Data   RW         2208    .data               stm32g0xx_hal.o
    0x2000004c   0x08006418   0x00000004   Data   RW         2465    .data               system_stm32g0xx.o
    0x20000050   0x0800641c   0x00000004   Data   RW         3468    .data               mc_p.l(stdout.o)
    0x20000054        -       0x0000008c   Zero   RW           22    .bss                com.o
    0x200000e0        -       0x0000008c   Zero   RW          269    .bss                main.o
    0x2000016c        -       0x00000014   Zero   RW          418    .bss                app.o
    0x20000180        -       0x00000800   Zero   RW          706    .bss                sigcheck.o
    0x20000980        -       0x00000400   Zero   RW            1    STACK               startup_stm32g071xx.o


==============================================================================

Image component sizes


      Code (inc. data)   RO Data    RW Data    ZI Data      Debug   Object Name

       760        478        175          0         20       2589   app.o
       132         30          0          0        140     440914   com.o
       636        318          0          0          0       7269   hashcheck.o
       636        252          0          0        140       3097   main.o
        48          6          0          0          0        574   securitycheck.o
       888        348        192         64       2048       3246   sigcheck.o
        28          8        188          0       1024        604   startup_stm32g071xx.o
       176         26          0         12          0       3653   stm32g0xx_hal.o
       124         18          0          0          0      11332   stm32g0xx_hal_cortex.o
        26          0          0          0          0         72   stm32g0xx_hal_dma.o
       136         36          0          0          0       2230   stm32g0xx_hal_flash.o
       204         30          0          0          0       3212   stm32g0xx_hal_flash_ex.o
       334         16          0          0          0       2709   stm32g0xx_hal_gpio.o
       152         18          0          0          0      10289   stm32g0xx_hal_msp.o
        76         14          0          0          0        714   stm32g0xx_hal_pwr_ex.o
      1532         88          0          0          0      23109   stm32g0xx_hal_rcc.o
       480         20          0          0          0       1692   stm32g0xx_hal_rcc_ex.o
      2652         60          0          0          0       8452   stm32g0xx_hal_uart.o
       316         16          0          0          0       3505   stm32g0xx_hal_uart_ex.o
        16          0          0          0          0       1959   stm32g0xx_it.o
        16          6         96          4          0       1039   system_stm32g0xx.o

    ----------------------------------------------------------------------
      9376       1788        692         80       3372     532260   Object Totals
         0          0         32          0          0          0   (incl. Generated)
         8          0          9          0          0          0   (incl. Padding)

    ----------------------------------------------------------------------

      Code (inc. data)   RO Data    RW Data    ZI Data      Debug   Library Member Name

      9400        256       4452          0          0       4288   crypto.o
         0          0          0          0          0          0   entry.o
         0          0          0          0          0          0   entry10a.o
         0          0          0          0          0          0   entry11a.o
         8          4          0          0          0          0   entry2.o
         4          0          0          0          0          0   entry5.o
         0          0          0          0          0          0   entry7b.o
         0          0          0          0          0          0   entry8b.o
         8          4          0          0          0          0   entry9a.o
        30          0          0          0          0          0   handlers.o
        36          8          0          0          0         68   init.o
        32          0          0          0          0         68   llshl.o
        34          0          0          0          0         68   llushr.o
        26          0          0          0          0         72   memcmp.o
        64          0          0          0          0         68   memmovea.o
        36          0          0          0          0        100   memseta.o
      1172         52          0          0          0        324   printf8.o
         0          0          0          4          0          0   stdout.o
        44          0          0          0          0         72   uidiv.o
        96          0          0          0          0         84   uldiv.o
        20          0          0          0          0         60   uread4.o

    ----------------------------------------------------------------------
     11028        324       4452          4          0       5272   Library Totals
        18          0          0          0          0          0   (incl. Padding)

    ----------------------------------------------------------------------

      Code (inc. data)   RO Data    RW Data    ZI Data      Debug   Library Name

      9400        256       4452          0          0       4288   STM32CryptographicV3.1.3_CM0PLUS_KEIL_1elfspf.lib
      1610         68          0          4          0        984   mc_p.l

    ----------------------------------------------------------------------
     11028        324       4452          4          0       5272   Library Totals

    ----------------------------------------------------------------------

==============================================================================


      Code (inc. data)   RO Data    RW Data    ZI Data      Debug   

     20404       2112       5144         84       3372     532140   Grand Totals
     20404       2112       5144         84       3372     532140   ELF Image Totals
     20404       2112       5144         84          0          0   ROM Totals

==============================================================================

    Total RO  Size (Code + RO Data)                25548 (  24.95kB)
    Total RW  Size (RW Data + ZI Data)              3456 (   3.38kB)
    Total ROM Size (Code + RO Data + RW Data)      25632 (  25.03kB)

==============================================================================

