21:34:29 **** Incremental Build of configuration Debug for project STM32_HAL_SECURE_BOOT_APP ****
make -j12 all 
arm-none-eabi-gcc "../Core/Src/app.c" -mcpu=cortex-m0plus -std=gnu11 -g3 -DDEBUG -DUSE_HAL_DRIVER -DSTM32G071xx -c -I../Core/Inc -I../Drivers/STM32G0xx_HAL_Driver/Inc -I../Drivers/STM32G0xx_HAL_Driver/Inc/Legacy -I../Drivers/CMSIS/Device/ST/STM32G0xx/Include -I../Drivers/CMSIS/Include -I"E:/Workspace/STM32_SECURITY_LAB/TEST_PROJECTS/STM32_HAL_SECURE_BOOT_APP/Middlewares/ST/STM32_Cryptographic/include" -O0 -ffunction-sections -fdata-sections -Wall -fstack-usage -MMD -MP -MF"Core/Src/app.d" -MT"Core/Src/app.o" --specs=nano.specs -mfloat-abi=soft -mthumb -o "Core/Src/app.o"
arm-none-eabi-gcc -o "STM32_HAL_SECURE_BOOT_APP.elf" @"objects.list"  -l:libSTM32Cryptographic_CM0_CM0PLUS.a -mcpu=cortex-m0plus -T"E:\Workspace\STM32_SECURITY_LAB\TEST_PROJECTS\STM32_HAL_SECURE_BOOT_APP\STM32G071RBTX_FLASH.ld" --specs=nosys.specs -Wl,-Map="STM32_HAL_SECURE_BOOT_APP.map" -Wl,--gc-sections -static -L"E:\Workspace\STM32_SECURITY_LAB\TEST_PROJECTS\STM32_HAL_SECURE_BOOT_APP\Middlewares\ST\STM32_Cryptographic\lib" --specs=nano.specs -mfloat-abi=soft -mthumb -Wl,--start-group -lc -lm -Wl,--end-group
Finished building target: STM32_HAL_SECURE_BOOT_APP.elf
 
arm-none-eabi-size   STM32_HAL_SECURE_BOOT_APP.elf 
arm-none-eabi-objdump -h -S  STM32_HAL_SECURE_BOOT_APP.elf  > "STM32_HAL_SECURE_BOOT_APP.list"
   text	   data	    bss	    dec	    hex	filename
  18352	    120	   1744	  20216	   4ef8	STM32_HAL_SECURE_BOOT_APP.elf
Finished building: default.size.stdout
 
Finished building: STM32_HAL_SECURE_BOOT_APP.list
 

21:34:31 Build Finished. 0 errors, 0 warnings. (took 1s.155ms)

