../Core/Src/boot.c:31:6:ApplyOptionBytesProtections	8	static
../Core/Src/boot.c:52:6:VerifyApplication	8	static
../Core/Src/boot.c:94:6:jump_to_application	24	static
../Core/Src/boot.c:113:13:PrintMetaData	8	static
../Core/Src/boot.c:129:13:VerifyMetaDataMagicNumber	8	static
../Core/Src/boot.c:134:13:VerifyMetaDataHash	56	static
../Core/Src/boot.c:167:13:VerifyMetaDataSignature	16	static
../Core/Src/boot.c:180:13:VerifyAppHash	56	static
../Core/Src/boot.c:214:13:SingleCallSHA256	48	static
../Core/Src/boot.c:231:6:VerifySignatureWithPubKey	64	static
../Core/Src/boot.c:261:13:AppEnableOBSecureMem	64	static
../Core/Src/boot.c:296:13:AppEnableOBRDP	64	static
